Component: ARM Compiler 5.06 update 7 (build 960) Tool: armlink [4d3601]

==============================================================================

Section Cross References

    startup_stm32f103xg.o(RESET) refers to startup_stm32f103xg.o(STACK) for __initial_sp
    startup_stm32f103xg.o(RESET) refers to startup_stm32f103xg.o(.text) for Reset_Handler
    startup_stm32f103xg.o(RESET) refers to stm32f1xx_it.o(i.NMI_Handler) for NMI_Handler
    startup_stm32f103xg.o(RESET) refers to stm32f1xx_it.o(i.HardFault_Handler) for HardFault_Handler
    startup_stm32f103xg.o(RESET) refers to stm32f1xx_it.o(i.MemManage_Handler) for MemManage_Handler
    startup_stm32f103xg.o(RESET) refers to stm32f1xx_it.o(i.BusFault_Handler) for BusFault_Handler
    startup_stm32f103xg.o(RESET) refers to stm32f1xx_it.o(i.UsageFault_Handler) for UsageFault_Handler
    startup_stm32f103xg.o(RESET) refers to port.o(.emb_text) for SVC_Handler
    startup_stm32f103xg.o(RESET) refers to stm32f1xx_it.o(i.DebugMon_Handler) for DebugMon_Handler
    startup_stm32f103xg.o(RESET) refers to port.o(i.SysTick_Handler) for SysTick_Handler
    startup_stm32f103xg.o(RESET) refers to stm32f1xx_it.o(i.RTC_IRQHandler) for RTC_IRQHandler
    startup_stm32f103xg.o(RESET) refers to stm32f1xx_it.o(i.USART1_IRQHandler) for USART1_IRQHandler
    startup_stm32f103xg.o(RESET) refers to stm32f1xx_it.o(i.USART2_IRQHandler) for USART2_IRQHandler
    startup_stm32f103xg.o(RESET) refers to stm32f1xx_it.o(i.SDIO_IRQHandler) for SDIO_IRQHandler
    startup_stm32f103xg.o(RESET) refers to stm32f1xx_it.o(i.TIM7_IRQHandler) for TIM7_IRQHandler
    startup_stm32f103xg.o(RESET) refers to stm32f1xx_it.o(i.DMA2_Channel4_5_IRQHandler) for DMA2_Channel4_5_IRQHandler
    startup_stm32f103xg.o(.text) refers to system_stm32f1xx.o(i.SystemInit) for SystemInit
    startup_stm32f103xg.o(.text) refers to entry.o(.ARM.Collect$$$$00000000) for __main
    cjson.o(i.add_item_to_object) refers to cjson.o(i.cJSON_strdup) for cJSON_strdup
    cjson.o(i.add_item_to_object) refers to cjson.o(i.add_item_to_array) for add_item_to_array
    cjson.o(i.cJSON_AddArrayToObject) refers to cjson.o(i.cJSON_CreateArray) for cJSON_CreateArray
    cjson.o(i.cJSON_AddArrayToObject) refers to cjson.o(i.add_item_to_object) for add_item_to_object
    cjson.o(i.cJSON_AddArrayToObject) refers to cjson.o(i.cJSON_Delete) for cJSON_Delete
    cjson.o(i.cJSON_AddArrayToObject) refers to cjson.o(.data) for .data
    cjson.o(i.cJSON_AddBoolToObject) refers to cjson.o(i.cJSON_CreateBool) for cJSON_CreateBool
    cjson.o(i.cJSON_AddBoolToObject) refers to cjson.o(i.add_item_to_object) for add_item_to_object
    cjson.o(i.cJSON_AddBoolToObject) refers to cjson.o(i.cJSON_Delete) for cJSON_Delete
    cjson.o(i.cJSON_AddBoolToObject) refers to cjson.o(.data) for .data
    cjson.o(i.cJSON_AddFalseToObject) refers to cjson.o(i.cJSON_CreateFalse) for cJSON_CreateFalse
    cjson.o(i.cJSON_AddFalseToObject) refers to cjson.o(i.add_item_to_object) for add_item_to_object
    cjson.o(i.cJSON_AddFalseToObject) refers to cjson.o(i.cJSON_Delete) for cJSON_Delete
    cjson.o(i.cJSON_AddFalseToObject) refers to cjson.o(.data) for .data
    cjson.o(i.cJSON_AddItemReferenceToArray) refers to cjson.o(i.create_reference) for create_reference
    cjson.o(i.cJSON_AddItemReferenceToArray) refers to cjson.o(i.add_item_to_array) for add_item_to_array
    cjson.o(i.cJSON_AddItemReferenceToArray) refers to cjson.o(.data) for .data
    cjson.o(i.cJSON_AddItemReferenceToObject) refers to cjson.o(i.create_reference) for create_reference
    cjson.o(i.cJSON_AddItemReferenceToObject) refers to cjson.o(i.add_item_to_object) for add_item_to_object
    cjson.o(i.cJSON_AddItemReferenceToObject) refers to cjson.o(.data) for .data
    cjson.o(i.cJSON_AddItemToArray) refers to cjson.o(i.add_item_to_array) for add_item_to_array
    cjson.o(i.cJSON_AddItemToObject) refers to cjson.o(i.add_item_to_object) for add_item_to_object
    cjson.o(i.cJSON_AddItemToObject) refers to cjson.o(.data) for .data
    cjson.o(i.cJSON_AddItemToObjectCS) refers to cjson.o(i.add_item_to_object) for add_item_to_object
    cjson.o(i.cJSON_AddItemToObjectCS) refers to cjson.o(.data) for .data
    cjson.o(i.cJSON_AddNullToObject) refers to cjson.o(i.cJSON_CreateNull) for cJSON_CreateNull
    cjson.o(i.cJSON_AddNullToObject) refers to cjson.o(i.add_item_to_object) for add_item_to_object
    cjson.o(i.cJSON_AddNullToObject) refers to cjson.o(i.cJSON_Delete) for cJSON_Delete
    cjson.o(i.cJSON_AddNullToObject) refers to cjson.o(.data) for .data
    cjson.o(i.cJSON_AddNumberToObject) refers to cjson.o(i.cJSON_CreateNumber) for cJSON_CreateNumber
    cjson.o(i.cJSON_AddNumberToObject) refers to cjson.o(i.add_item_to_object) for add_item_to_object
    cjson.o(i.cJSON_AddNumberToObject) refers to cjson.o(i.cJSON_Delete) for cJSON_Delete
    cjson.o(i.cJSON_AddNumberToObject) refers to cjson.o(.data) for .data
[...]
    HAL_GetTick                              0x08001b39   Thumb Code     6  stm32f1xx_hal.o(i.HAL_GetTick)
    HAL_IWDG_Init                            0x08001b45   Thumb Code    94  stm32f1xx_hal_iwdg.o(i.HAL_IWDG_Init)
    HAL_IWDG_Refresh                         0x08001ba3   Thumb Code    12  stm32f1xx_hal_iwdg.o(i.HAL_IWDG_Refresh)
    HAL_IncTick                              0x08001bb1   Thumb Code    12  stm32f1xx_hal.o(i.HAL_IncTick)
    HAL_Init                                 0x08001bc1   Thumb Code    32  stm32f1xx_hal.o(i.HAL_Init)
    HAL_InitTick                             0x08001be5   Thumb Code   132  stm32f1xx_hal_timebase_tim.o(i.HAL_InitTick)
    HAL_MspInit                              0x08001c7d   Thumb Code    62  stm32f1xx_hal_msp.o(i.HAL_MspInit)
    HAL_NVIC_EnableIRQ                       0x08001cc5   Thumb Code    26  stm32f1xx_hal_cortex.o(i.HAL_NVIC_EnableIRQ)
    HAL_NVIC_SetPriority                     0x08001ce1   Thumb Code    60  stm32f1xx_hal_cortex.o(i.HAL_NVIC_SetPriority)
    HAL_NVIC_SetPriorityGrouping             0x08001d21   Thumb Code    26  stm32f1xx_hal_cortex.o(i.HAL_NVIC_SetPriorityGrouping)
    HAL_NVIC_SystemReset                     0x08001d45   Thumb Code    26  stm32f1xx_hal_cortex.o(i.HAL_NVIC_SystemReset)
    HAL_PWR_EnableBkUpAccess                 0x08001d69   Thumb Code     8  stm32f1xx_hal_pwr.o(i.HAL_PWR_EnableBkUpAccess)
    HAL_RCCEx_GetPeriphCLKFreq               0x08001d75   Thumb Code   166  stm32f1xx_hal_rcc_ex.o(i.HAL_RCCEx_GetPeriphCLKFreq)
    HAL_RCCEx_PeriphCLKConfig                0x08001e2d   Thumb Code   224  stm32f1xx_hal_rcc_ex.o(i.HAL_RCCEx_PeriphCLKConfig)
    HAL_RCC_ClockConfig                      0x08001f19   Thumb Code   280  stm32f1xx_hal_rcc.o(i.HAL_RCC_ClockConfig)
    HAL_RCC_GetClockConfig                   0x08002045   Thumb Code    54  stm32f1xx_hal_rcc.o(i.HAL_RCC_GetClockConfig)
    HAL_RCC_GetPCLK1Freq                     0x08002085   Thumb Code    20  stm32f1xx_hal_rcc.o(i.HAL_RCC_GetPCLK1Freq)
    HAL_RCC_GetPCLK2Freq                     0x080020a5   Thumb Code    20  stm32f1xx_hal_rcc.o(i.HAL_RCC_GetPCLK2Freq)
    HAL_RCC_GetSysClockFreq                  0x080020c5   Thumb Code    58  stm32f1xx_hal_rcc.o(i.HAL_RCC_GetSysClockFreq)
    HAL_RCC_OscConfig                        0x08002111   Thumb Code   778  stm32f1xx_hal_rcc.o(i.HAL_RCC_OscConfig)
    HAL_RTCEx_BKUPRead                       0x08002431   Thumb Code    10  stm32f1xx_hal_rtc_ex.o(i.HAL_RTCEx_BKUPRead)
    HAL_RTCEx_BKUPWrite                      0x08002441   Thumb Code    12  stm32f1xx_hal_rtc_ex.o(i.HAL_RTCEx_BKUPWrite)
    HAL_RTCEx_RTCEventCallback               0x08002451   Thumb Code     2  stm32f1xx_hal_rtc_ex.o(i.HAL_RTCEx_RTCEventCallback)
    HAL_RTCEx_RTCEventErrorCallback          0x08002453   Thumb Code     2  stm32f1xx_hal_rtc_ex.o(i.HAL_RTCEx_RTCEventErrorCallback)
    HAL_RTCEx_RTCIRQHandler                  0x08002455   Thumb Code    62  stm32f1xx_hal_rtc_ex.o(i.HAL_RTCEx_RTCIRQHandler)
    HAL_RTC_GetDate                          0x08002493   Thumb Code    78  stm32f1xx_hal_rtc.o(i.HAL_RTC_GetDate)
    HAL_RTC_GetTime                          0x080024e1   Thumb Code   216  stm32f1xx_hal_rtc.o(i.HAL_RTC_GetTime)
    HAL_RTC_Init                             0x080025b9   Thumb Code   144  stm32f1xx_hal_rtc.o(i.HAL_RTC_Init)
    HAL_RTC_MspInit                          0x0800264d   Thumb Code    60  rtc.o(i.HAL_RTC_MspInit)
    HAL_RTC_SetDate                          0x08002695   Thumb Code   192  stm32f1xx_hal_rtc.o(i.HAL_RTC_SetDate)
    HAL_RTC_SetTime                          0x08002759   Thumb Code   168  stm32f1xx_hal_rtc.o(i.HAL_RTC_SetTime)
    HAL_RTC_WaitForSynchro                   0x08002805   Thumb Code    58  stm32f1xx_hal_rtc.o(i.HAL_RTC_WaitForSynchro)
    HAL_SD_AbortCallback                     0x0800283f   Thumb Code     8  bsp_driver_sd.o(i.HAL_SD_AbortCallback)
    HAL_SD_ConfigWideBusOperation            0x08002849   Thumb Code   276  stm32f1xx_hal_sd.o(i.HAL_SD_ConfigWideBusOperation)
    HAL_SD_ErrorCallback                     0x08002961   Thumb Code     2  stm32f1xx_hal_sd.o(i.HAL_SD_ErrorCallback)
    HAL_SD_GetCardCSD                        0x08002965   Thumb Code   402  stm32f1xx_hal_sd.o(i.HAL_SD_GetCardCSD)
    HAL_SD_GetCardInfo                       0x08002afd   Thumb Code    36  stm32f1xx_hal_sd.o(i.HAL_SD_GetCardInfo)
    HAL_SD_GetCardState                      0x08002b21   Thumb Code    44  stm32f1xx_hal_sd.o(i.HAL_SD_GetCardState)
    HAL_SD_IRQHandler                        0x08002b4d   Thumb Code   496  stm32f1xx_hal_sd.o(i.HAL_SD_IRQHandler)
    HAL_SD_Init                              0x08002d45   Thumb Code    54  stm32f1xx_hal_sd.o(i.HAL_SD_Init)
    HAL_SD_InitCard                          0x08002d7d   Thumb Code   112  stm32f1xx_hal_sd.o(i.HAL_SD_InitCard)
    HAL_SD_MspInit                           0x08002df5   Thumb Code   178  sdio.o(i.HAL_SD_MspInit)
    HAL_SD_ReadBlocks                        0x08002ec1   Thumb Code   476  stm32f1xx_hal_sd.o(i.HAL_SD_ReadBlocks)
    HAL_SD_RxCpltCallback                    0x080030a1   Thumb Code     8  bsp_driver_sd.o(i.HAL_SD_RxCpltCallback)
    HAL_SD_TxCpltCallback                    0x080030a9   Thumb Code     8  bsp_driver_sd.o(i.HAL_SD_TxCpltCallback)
    HAL_SD_WriteBlocks                       0x080030b1   Thumb Code   428  stm32f1xx_hal_sd.o(i.HAL_SD_WriteBlocks)
    HAL_TIMEx_BreakCallback                  0x08003261   Thumb Code     2  stm32f1xx_hal_tim_ex.o(i.HAL_TIMEx_BreakCallback)
    HAL_TIMEx_CommutCallback                 0x08003263   Thumb Code     2  stm32f1xx_hal_tim_ex.o(i.HAL_TIMEx_CommutCallback)
    HAL_TIM_Base_Init                        0x08003265   Thumb Code    90  stm32f1xx_hal_tim.o(i.HAL_TIM_Base_Init)
    HAL_TIM_Base_MspInit                     0x080032bf   Thumb Code     2  stm32f1xx_hal_tim.o(i.HAL_TIM_Base_MspInit)
    HAL_TIM_Base_Start_IT                    0x080032c1   Thumb Code   100  stm32f1xx_hal_tim.o(i.HAL_TIM_Base_Start_IT)
    HAL_TIM_IC_CaptureCallback               0x08003341   Thumb Code     2  stm32f1xx_hal_tim.o(i.HAL_TIM_IC_CaptureCallback)
    HAL_TIM_IRQHandler                       0x08003343   Thumb Code   304  stm32f1xx_hal_tim.o(i.HAL_TIM_IRQHandler)
    HAL_TIM_OC_DelayElapsedCallback          0x08003473   Thumb Code     2  stm32f1xx_hal_tim.o(i.HAL_TIM_OC_DelayElapsedCallback)
    HAL_TIM_PWM_PulseFinishedCallback        0x08003475   Thumb Code     2  stm32f1xx_hal_tim.o(i.HAL_TIM_PWM_PulseFinishedCallback)
    HAL_TIM_PeriodElapsedCallback            0x08003479   Thumb Code    14  main.o(i.HAL_TIM_PeriodElapsedCallback)
    HAL_TIM_TriggerCallback                  0x0800348d   Thumb Code     2  stm32f1xx_hal_tim.o(i.HAL_TIM_TriggerCallback)
    HAL_UARTEx_RxEventCallback               0x0800348f   Thumb Code     2  stm32f1xx_hal_uart.o(i.HAL_UARTEx_RxEventCallback)
    HAL_UART_ErrorCallback                   0x08003491   Thumb Code     2  stm32f1xx_hal_uart.o(i.HAL_UART_ErrorCallback)
    HAL_UART_IRQHandler                      0x08003495   Thumb Code   616  stm32f1xx_hal_uart.o(i.HAL_UART_IRQHandler)
    HAL_UART_Init                            0x08003701   Thumb Code   100  stm32f1xx_hal_uart.o(i.HAL_UART_Init)
    HAL_UART_MspInit                         0x08003765   Thumb Code   198  usart.o(i.HAL_UART_MspInit)
    HAL_UART_Receive_IT                      0x0800383d   Thumb Code    28  stm32f1xx_hal_uart.o(i.HAL_UART_Receive_IT)
    HAL_UART_RxCpltCallback                  0x08003859   Thumb Code   236  usart.o(i.HAL_UART_RxCpltCallback)
    HAL_UART_Transmit                        0x0800397d   Thumb Code   160  stm32f1xx_hal_uart.o(i.HAL_UART_Transmit)
    HAL_UART_TxCpltCallback                  0x08003a1d   Thumb Code     2  stm32f1xx_hal_uart.o(i.HAL_UART_TxCpltCallback)
    HardFault_Handler                        0x08003a1f   Thumb Code     2  stm32f1xx_it.o(i.HardFault_Handler)
    MX_DMA_Init                              0x08003a21   Thumb Code    40  dma.o(i.MX_DMA_Init)
    MX_FATFS_Init                            0x08003a4d   Thumb Code    18  fatfs.o(i.MX_FATFS_Init)
    MX_FREERTOS_Init                         0x08003a69   Thumb Code   168  freertos.o(i.MX_FREERTOS_Init)
    MX_GPIO_Init                             0x08003b19   Thumb Code   134  gpio.o(i.MX_GPIO_Init)
    MX_IWDG_Init                             0x08003bad   Thumb Code    36  iwdg.o(i.MX_IWDG_Init)
    MX_RTC_Init                              0x08003bd9   Thumb Code   188  rtc.o(i.MX_RTC_Init)
    MX_SDIO_SD_Init                          0x08003ca1   Thumb Code    58  sdio.o(i.MX_SDIO_SD_Init)
    MX_USART1_UART_Init                      0x08003ce5   Thumb Code    48  usart.o(i.MX_USART1_UART_Init)
    MX_USART2_UART_Init                      0x08003d1d   Thumb Code    48  usart.o(i.MX_USART2_UART_Init)
    MemManage_Handler                        0x08003d55   Thumb Code     2  stm32f1xx_it.o(i.MemManage_Handler)
    NMI_Handler                              0x08003d57   Thumb Code     2  stm32f1xx_it.o(i.NMI_Handler)
    RTC_IRQHandler                           0x08003e9d   Thumb Code     6  stm32f1xx_it.o(i.RTC_IRQHandler)
    SDIO_ConfigData                          0x08003f7d   Thumb Code    36  stm32f1xx_ll_sdmmc.o(i.SDIO_ConfigData)
    SDIO_GetPowerState                       0x08003fa1   Thumb Code     8  stm32f1xx_ll_sdmmc.o(i.SDIO_GetPowerState)
    SDIO_GetResponse                         0x08003fa9   Thumb Code     6  stm32f1xx_ll_sdmmc.o(i.SDIO_GetResponse)
    SDIO_IRQHandler                          0x08003fb1   Thumb Code     6  stm32f1xx_it.o(i.SDIO_IRQHandler)
    SDIO_Init                                0x08003fbd   Thumb Code    36  stm32f1xx_ll_sdmmc.o(i.SDIO_Init)
    SDIO_PowerState_ON                       0x08003fe1   Thumb Code     8  stm32f1xx_ll_sdmmc.o(i.SDIO_PowerState_ON)
    SDIO_ReadFIFO                            0x08003fe9   Thumb Code     6  stm32f1xx_ll_sdmmc.o(i.SDIO_ReadFIFO)
    SDIO_SendCommand                         0x08003fef   Thumb Code    32  stm32f1xx_ll_sdmmc.o(i.SDIO_SendCommand)
    SDIO_WriteFIFO                           0x0800400f   Thumb Code    10  stm32f1xx_ll_sdmmc.o(i.SDIO_WriteFIFO)
    SDMMC_CmdAppCommand                      0x08004019   Thumb Code    50  stm32f1xx_ll_sdmmc.o(i.SDMMC_CmdAppCommand)
    SDMMC_CmdAppOperCommand                  0x0800404d   Thumb Code    48  stm32f1xx_ll_sdmmc.o(i.SDMMC_CmdAppOperCommand)
    SDMMC_CmdBlockLength                     0x08004081   Thumb Code    50  stm32f1xx_ll_sdmmc.o(i.SDMMC_CmdBlockLength)
    SDMMC_CmdBusWidth                        0x080040b3   Thumb Code    50  stm32f1xx_ll_sdmmc.o(i.SDMMC_CmdBusWidth)
    SDMMC_CmdGoIdleState                     0x080040e5   Thumb Code    74  stm32f1xx_ll_sdmmc.o(i.SDMMC_CmdGoIdleState)
    SDMMC_CmdOperCond                        0x08004135   Thumb Code    48  stm32f1xx_ll_sdmmc.o(i.SDMMC_CmdOperCond)
    SDMMC_CmdReadMultiBlock                  0x08004165   Thumb Code    50  stm32f1xx_ll_sdmmc.o(i.SDMMC_CmdReadMultiBlock)
    SDMMC_CmdReadSingleBlock                 0x08004197   Thumb Code    50  stm32f1xx_ll_sdmmc.o(i.SDMMC_CmdReadSingleBlock)
    SDMMC_CmdSelDesel                        0x080041c9   Thumb Code    50  stm32f1xx_ll_sdmmc.o(i.SDMMC_CmdSelDesel)
    SDMMC_CmdSendCID                         0x080041fb   Thumb Code    44  stm32f1xx_ll_sdmmc.o(i.SDMMC_CmdSendCID)
    SDMMC_CmdSendCSD                         0x08004227   Thumb Code    44  stm32f1xx_ll_sdmmc.o(i.SDMMC_CmdSendCSD)
    SDMMC_CmdSendSCR                         0x08004253   Thumb Code    48  stm32f1xx_ll_sdmmc.o(i.SDMMC_CmdSendSCR)
    SDMMC_CmdSendStatus                      0x08004283   Thumb Code    50  stm32f1xx_ll_sdmmc.o(i.SDMMC_CmdSendStatus)
    SDMMC_CmdSetRelAdd                       0x080042b5   Thumb Code    48  stm32f1xx_ll_sdmmc.o(i.SDMMC_CmdSetRelAdd)
    SDMMC_CmdStopTransfer                    0x080042e5   Thumb Code    46  stm32f1xx_ll_sdmmc.o(i.SDMMC_CmdStopTransfer)
    SDMMC_CmdWriteMultiBlock                 0x08004319   Thumb Code    50  stm32f1xx_ll_sdmmc.o(i.SDMMC_CmdWriteMultiBlock)
    SDMMC_CmdWriteSingleBlock                0x0800434b   Thumb Code    50  stm32f1xx_ll_sdmmc.o(i.SDMMC_CmdWriteSingleBlock)
    SDMMC_GetCmdResp1                        0x0800437d   Thumb Code   278  stm32f1xx_ll_sdmmc.o(i.SDMMC_GetCmdResp1)
    SDMMC_GetCmdResp2                        0x0800449d   Thumb Code    76  stm32f1xx_ll_sdmmc.o(i.SDMMC_GetCmdResp2)
    SDMMC_GetCmdResp3                        0x080044ed   Thumb Code    62  stm32f1xx_ll_sdmmc.o(i.SDMMC_GetCmdResp3)
    SDMMC_GetCmdResp6                        0x08004531   Thumb Code   130  stm32f1xx_ll_sdmmc.o(i.SDMMC_GetCmdResp6)
    SDMMC_GetCmdResp7                        0x080045b9   Thumb Code    82  stm32f1xx_ll_sdmmc.o(i.SDMMC_GetCmdResp7)
    SDTask                                   0x08004611   Thumb Code   142  sdtask.o(i.SDTask)
    SD_initialize                            0x080049d5   Thumb Code    26  sd_diskio.o(i.SD_initialize)
    SD_ioctl                                 0x080049f5   Thumb Code    74  sd_diskio.o(i.SD_ioctl)
    SD_read                                  0x08004a45   Thumb Code    52  sd_diskio.o(i.SD_read)
    SD_status                                0x08004a81   Thumb Code    26  sd_diskio.o(i.SD_status)
    SD_write                                 0x08004aa1   Thumb Code    52  sd_diskio.o(i.SD_write)
    StartDefaultTask                         0x08004add   Thumb Code    28  freertos.o(i.StartDefaultTask)
    SysTick_Handler                          0x08004b01   Thumb Code    38  port.o(i.SysTick_Handler)
    SystemClock_Config                       0x08004b2d   Thumb Code   126  main.o(i.SystemClock_Config)
    SystemInit                               0x08004bab   Thumb Code     2  system_stm32f1xx.o(i.SystemInit)
    TIM7_IRQHandler                          0x08004bad   Thumb Code     6  stm32f1xx_it.o(i.TIM7_IRQHandler)
    TIM_Base_SetConfig                       0x08004bb9   Thumb Code   170  stm32f1xx_hal_tim.o(i.TIM_Base_SetConfig)
    TestTask                                 0x08004c91   Thumb Code   748  testtask.o(i.TestTask)
    UART_Start_Receive_IT                    0x080051a5   Thumb Code    54  stm32f1xx_hal_uart.o(i.UART_Start_Receive_IT)
    UISet_Date                               0x0800524d   Thumb Code    34  rtc.o(i.UISet_Date)
    UISet_Time                               0x08005279   Thumb Code    18  rtc.o(i.UISet_Time)
    USART1_IRQHandler                        0x08005295   Thumb Code     6  stm32f1xx_it.o(i.USART1_IRQHandler)
    USART2_IRQHandler                        0x080052a1   Thumb Code     6  stm32f1xx_it.o(i.USART2_IRQHandler)
    UsageFault_Handler                       0x080052ad   Thumb Code     2  stm32f1xx_it.o(i.UsageFault_Handler)
    __0printf                                0x080052b1   Thumb Code    22  printfa.o(i.__0printf)
    __1printf                                0x080052b1   Thumb Code     0  printfa.o(i.__0printf)
    __2printf                                0x080052b1   Thumb Code     0  printfa.o(i.__0printf)
    __c89printf                              0x080052b1   Thumb Code     0  printfa.o(i.__0printf)
    printf                                   0x080052b1   Thumb Code     0  printfa.o(i.__0printf)
    __0snprintf                              0x080052d1   Thumb Code    48  printfa.o(i.__0snprintf)
    __1snprintf                              0x080052d1   Thumb Code     0  printfa.o(i.__0snprintf)
    __2snprintf                              0x080052d1   Thumb Code     0  printfa.o(i.__0snprintf)
    __c89snprintf                            0x080052d1   Thumb Code     0  printfa.o(i.__0snprintf)
    snprintf                                 0x080052d1   Thumb Code     0  printfa.o(i.__0snprintf)
    __0sprintf                               0x08005305   Thumb Code    34  printfa.o(i.__0sprintf)
    __1sprintf                               0x08005305   Thumb Code     0  printfa.o(i.__0sprintf)
    __2sprintf                               0x08005305   Thumb Code     0  printfa.o(i.__0sprintf)
    __c89sprintf                             0x08005305   Thumb Code     0  printfa.o(i.__0sprintf)
    sprintf                                  0x08005305   Thumb Code     0  printfa.o(i.__0sprintf)
    free                                     0x0800534d   Thumb Code    88  mallocr.o(i.__free$realloc)
    malloc                                   0x080053a9   Thumb Code    64  mallocr.o(i.__malloc$realloc)
    __scatterload_copy                       0x080053f9   Thumb Code    14  handlers.o(i.__scatterload_copy)
    __scatterload_null                       0x08005407   Thumb Code     2  handlers.o(i.__scatterload_null)
    __scatterload_zeroinit                   0x08005409   Thumb Code    14  handlers.o(i.__scatterload_zeroinit)
    _is_digit                                0x0800559d   Thumb Code    14  scanf_fp.o(i._is_digit)
    cJSON_AddNumberToObject                  0x08005d89   Thumb Code    46  cjson.o(i.cJSON_AddNumberToObject)
    cJSON_AddStringToObject                  0x08005dbd   Thumb Code    44  cjson.o(i.cJSON_AddStringToObject)
    cJSON_CreateNumber                       0x08005ded   Thumb Code    78  cjson.o(i.cJSON_CreateNumber)
    cJSON_CreateObject                       0x08005e4d   Thumb Code    18  cjson.o(i.cJSON_CreateObject)
    cJSON_CreateString                       0x08005e65   Thumb Code    44  cjson.o(i.cJSON_CreateString)
    cJSON_Delete                             0x08005e95   Thumb Code    66  cjson.o(i.cJSON_Delete)
    cJSON_GetNumberValue                     0x08005edd   Thumb Code    22  cjson.o(i.cJSON_GetNumberValue)
    cJSON_GetObjectItem                      0x08005ef9   Thumb Code     6  cjson.o(i.cJSON_GetObjectItem)
    cJSON_GetStringValue                     0x08005eff   Thumb Code    16  cjson.o(i.cJSON_GetStringValue)
    cJSON_IsNumber                           0x08005f0f   Thumb Code    18  cjson.o(i.cJSON_IsNumber)
    cJSON_IsString                           0x08005f21   Thumb Code    18  cjson.o(i.cJSON_IsString)
    cJSON_ParseWithLength                    0x08005f49   Thumb Code     8  cjson.o(i.cJSON_ParseWithLength)
    cJSON_ParseWithLengthOpts                0x08005f51   Thumb Code   210  cjson.o(i.cJSON_ParseWithLengthOpts)
    cJSON_Print                              0x0800602d   Thumb Code     8  cjson.o(i.cJSON_Print)
    clust2sect                               0x08006193   Thumb Code    30  ff.o(i.clust2sect)
    delete_all_files                         0x08006419   Thumb Code   150  sdtask.o(i.delete_all_files)
    disk_initialize                          0x080067d5   Thumb Code    36  diskio.o(i.disk_initialize)
    disk_ioctl                               0x080067fd   Thumb Code    24  diskio.o(i.disk_ioctl)
    disk_read                                0x08006819   Thumb Code    24  diskio.o(i.disk_read)
    disk_status                              0x08006835   Thumb Code    18  diskio.o(i.disk_status)
    disk_write                               0x0800684d   Thumb Code    24  diskio.o(i.disk_write)
    f_close                                  0x080068f3   Thumb Code    54  ff.o(i.f_close)
    f_closedir                               0x08006929   Thumb Code    48  ff.o(i.f_closedir)
    f_gets                                   0x08006959   Thumb Code    72  ff.o(i.f_gets)
    f_lseek                                  0x080069a1   Thumb Code   684  ff.o(i.f_lseek)
    f_mount                                  0x08006c4d   Thumb Code   126  ff.o(i.f_mount)
    f_open                                   0x08006cd1   Thumb Code   430  ff.o(i.f_open)
    f_opendir                                0x08006e85   Thumb Code   156  ff.o(i.f_opendir)
    f_read                                   0x08006f21   Thumb Code   466  ff.o(i.f_read)
    f_readdir                                0x080070f3   Thumb Code    98  ff.o(i.f_readdir)
    f_sync                                   0x08007155   Thumb Code   210  ff.o(i.f_sync)
    f_unlink                                 0x08007227   Thumb Code   186  ff.o(i.f_unlink)
    f_write                                  0x080072e1   Thumb Code   538  ff.o(i.f_write)
    ff_cre_syncobj                           0x080074fb   Thumb Code    28  syscall.o(i.ff_cre_syncobj)
    ff_del_syncobj                           0x08007517   Thumb Code    10  syscall.o(i.ff_del_syncobj)
    ff_rel_grant                             0x08007521   Thumb Code     4  syscall.o(i.ff_rel_grant)
    ff_req_grant                             0x08007525   Thumb Code    20  syscall.o(i.ff_req_grant)
    fputc                                    0x080078d5   Thumb Code    20  usart.o(i.fputc)
    get_fat                                  0x080078ed   Thumb Code   204  ff.o(i.get_fat)
    get_fattime                              0x080079b9   Thumb Code     4  fatfs.o(i.get_fattime)
    list_dir                                 0x08007bdd   Thumb Code   150  sdtask.o(i.list_dir)
    main                                     0x08007cc9   Thumb Code    50  main.o(i.main)
    osDelay                                  0x08007d5f   Thumb Code    14  cmsis_os.o(i.osDelay)
    osKernelStart                            0x08007d6d   Thumb Code    10  cmsis_os.o(i.osKernelStart)
    osMessageCreate                          0x08007d77   Thumb Code    38  cmsis_os.o(i.osMessageCreate)
    osMessageGet                             0x08007d9d   Thumb Code   144  cmsis_os.o(i.osMessageGet)
    osMessagePut                             0x08007e31   Thumb Code    86  cmsis_os.o(i.osMessagePut)
    osMutexCreate                            0x08007e8d   Thumb Code    16  cmsis_os.o(i.osMutexCreate)
    osMutexRelease                           0x08007e9d   Thumb Code    74  cmsis_os.o(i.osMutexRelease)
    osMutexWait                              0x08007eed   Thumb Code    96  cmsis_os.o(i.osMutexWait)
    osPoolAlloc                              0x08007f51   Thumb Code   106  cmsis_os.o(i.osPoolAlloc)
    osPoolCreate                             0x08007fbb   Thumb Code    94  cmsis_os.o(i.osPoolCreate)
    osPoolFree                               0x08008019   Thumb Code    48  cmsis_os.o(i.osPoolFree)
    osSemaphoreCreate                        0x08008049   Thumb Code    62  cmsis_os.o(i.osSemaphoreCreate)
    osSemaphoreDelete                        0x08008087   Thumb Code    24  cmsis_os.o(i.osSemaphoreDelete)
    osSemaphoreRelease                       0x080080a1   Thumb Code    74  cmsis_os.o(i.osSemaphoreRelease)
    osSemaphoreWait                          0x080080f1   Thumb Code    96  cmsis_os.o(i.osSemaphoreWait)
    osThreadCreate                           0x08008155   Thumb Code    84  cmsis_os.o(i.osThreadCreate)
    print_data                               0x080087ed   Thumb Code    90  sdtask.o(i.print_data)
    put_fat                                  0x08009113   Thumb Code   246  ff.o(i.put_fat)
    pvPortMalloc                             0x08009209   Thumb Code   216  heap_4.o(i.pvPortMalloc)
    pvTaskIncrementMutexHeldCount            0x080092e5   Thumb Code    18  tasks.o(i.pvTaskIncrementMutexHeldCount)
    pxPortInitialiseStack                    0x080092fd   Thumb Code    32  port.o(i.pxPortInitialiseStack)
    realloc                                  0x08009321   Thumb Code   102  mallocr.o(i.realloc)
    reboot                                   0x0800938d   Thumb Code    46  cmd.o(i.reboot)
    save_data                                0x0800943d   Thumb Code    98  sdtask.o(i.save_data)
    sdCMD                                    0x080094c1   Thumb Code   328  cmd.o(i.sdCMD)
    strtod                                   0x0800966d   Thumb Code    28  strtod.o(i.strtod)
    sum                                      0x08009689   Thumb Code   162  cmd.o(i.sum)
    timeRTC                                  0x08009869   Thumb Code   242  cmd.o(i.timeRTC)
    trans                                    0x080099a5   Thumb Code    86  cmd.o(i.trans)
    uxListRemove                             0x08009b1b   Thumb Code    38  list.o(i.uxListRemove)
    vApplicationGetIdleTaskMemory            0x08009b41   Thumb Code    16  freertos.o(i.vApplicationGetIdleTaskMemory)
    vListInitialise                          0x08009b55   Thumb Code    22  list.o(i.vListInitialise)
    vListInitialiseItem                      0x08009b6b   Thumb Code     6  list.o(i.vListInitialiseItem)
    vListInsert                              0x08009b71   Thumb Code    48  list.o(i.vListInsert)
    vListInsertEnd                           0x08009ba1   Thumb Code    24  list.o(i.vListInsertEnd)
    vPortEnterCritical                       0x08009bb9   Thumb Code    54  port.o(i.vPortEnterCritical)
    vPortExitCritical                        0x08009bf9   Thumb Code    34  port.o(i.vPortExitCritical)
    vPortFree                                0x08009c21   Thumb Code    94  heap_4.o(i.vPortFree)
    vPortSetupTimerInterrupt                 0x08009c85   Thumb Code    32  port.o(i.vPortSetupTimerInterrupt)
    vPortValidateInterruptPriority           0x08009ca9   Thumb Code    74  port.o(i.vPortValidateInterruptPriority)
    vQueueDelete                             0x08009cfd   Thumb Code    46  queue.o(i.vQueueDelete)
    vQueueUnregisterQueue                    0x08009d2d   Thumb Code    36  queue.o(i.vQueueUnregisterQueue)
    vTaskDelay                               0x08009d55   Thumb Code    66  tasks.o(i.vTaskDelay)
    vTaskInternalSetTimeOutState             0x08009da1   Thumb Code    12  tasks.o(i.vTaskInternalSetTimeOutState)
    vTaskMissedYield                         0x08009db1   Thumb Code     8  tasks.o(i.vTaskMissedYield)
    vTaskPlaceOnEventList                    0x08009dbd   Thumb Code    44  tasks.o(i.vTaskPlaceOnEventList)
    vTaskPriorityDisinheritAfterTimeout      0x08009ded   Thumb Code   152  tasks.o(i.vTaskPriorityDisinheritAfterTimeout)
    vTaskStartScheduler                      0x08009e8d   Thumb Code    90  tasks.o(i.vTaskStartScheduler)
    vTaskSuspendAll                          0x08009ef9   Thumb Code    10  tasks.o(i.vTaskSuspendAll)
    vTaskSwitchContext                       0x08009f09   Thumb Code    82  tasks.o(i.vTaskSwitchContext)
    xPortStartScheduler                      0x08009fa5   Thumb Code   154  port.o(i.xPortStartScheduler)
    xQueueCreateMutex                        0x0800a04d   Thumb Code    22  queue.o(i.xQueueCreateMutex)
    xQueueCreateMutexStatic                  0x0800a063   Thumb Code    26  queue.o(i.xQueueCreateMutexStatic)
    xQueueGenericCreate                      0x0800a07d   Thumb Code    66  queue.o(i.xQueueGenericCreate)
    xQueueGenericCreateStatic                0x0800a0bf   Thumb Code   102  queue.o(i.xQueueGenericCreateStatic)
    xQueueGenericReset                       0x0800a125   Thumb Code   132  queue.o(i.xQueueGenericReset)
    xQueueGenericSend                        0x0800a1ad   Thumb Code   346  queue.o(i.xQueueGenericSend)
    xQueueGenericSendFromISR                 0x0800a30d   Thumb Code   190  queue.o(i.xQueueGenericSendFromISR)
    xQueueGiveFromISR                        0x0800a3cb   Thumb Code   156  queue.o(i.xQueueGiveFromISR)
    xQueueReceive                            0x0800a469   Thumb Code   308  queue.o(i.xQueueReceive)
    xQueueReceiveFromISR                     0x0800a5a1   Thumb Code   154  queue.o(i.xQueueReceiveFromISR)
    xQueueSemaphoreTake                      0x0800a63d   Thumb Code   372  queue.o(i.xQueueSemaphoreTake)
    xTaskCheckForTimeOut                     0x0800a7b5   Thumb Code   112  tasks.o(i.xTaskCheckForTimeOut)
    xTaskCreate                              0x0800a829   Thumb Code    90  tasks.o(i.xTaskCreate)
    xTaskCreateStatic                        0x0800a883   Thumb Code    86  tasks.o(i.xTaskCreateStatic)
    xTaskGetSchedulerState                   0x0800a8d9   Thumb Code    22  tasks.o(i.xTaskGetSchedulerState)
    xTaskIncrementTick                       0x0800a8f5   Thumb Code   194  tasks.o(i.xTaskIncrementTick)
    xTaskPriorityDisinherit                  0x0800a9c1   Thumb Code   144  tasks.o(i.xTaskPriorityDisinherit)
    xTaskPriorityInherit                     0x0800aa59   Thumb Code   130  tasks.o(i.xTaskPriorityInherit)
    xTaskRemoveFromEventList                 0x0800aae5   Thumb Code   108  tasks.o(i.xTaskRemoveFromEventList)
    xTaskResumeAll                           0x0800ab59   Thumb Code   182  tasks.o(i.xTaskResumeAll)
    AHBPrescTable                            0x0800acf4   Data          16  system_stm32f1xx.o(.constdata)
    APBPrescTable                            0x0800ad04   Data           8  system_stm32f1xx.o(.constdata)
    SD_Driver                                0x0800ad0c   Data          20  sd_diskio.o(.constdata)
    __ctype_categories                       0x0800ad20   Data          64  ctype_c.o(.constdata)
    Region$$Table$$Base                      0x0800b030   Number         0  anon$$obj.o(Region$$Table)
    Region$$Table$$Limit                     0x0800b050   Number         0  anon$$obj.o(Region$$Table)
    preset_data                              0x20000018   Data           4  testtask.o(.data)
    rx1Mutex                                 0x20000020   Data           1  main.o(.data)
    rx2Mutex                                 0x20000021   Data           1  main.o(.data)
    debugMode                                0x20000022   Data           1  main.o(.data)
    sdCmdQueuePoolHandle                     0x20000024   Data           4  freertos.o(.data)
    defaultTaskHandle                        0x20000028   Data           4  freertos.o(.data)
    cmdTaskHandle                            0x2000002c   Data           4  freertos.o(.data)
    sdTaskHandle                             0x20000030   Data           4  freertos.o(.data)
    testTaskHandle                           0x20000034   Data           4  freertos.o(.data)
    sdCmdQueueHandle                         0x20000038   Data           4  freertos.o(.data)
    printMutexHandle                         0x2000003c   Data           4  freertos.o(.data)
    rtcMutexHandle                           0x20000040   Data           4  freertos.o(.data)
    RTC_TimeStruct                           0x20000044   Data           3  rtc.o(.data)
    RTC_DateStruct                           0x20000047   Data           4  rtc.o(.data)
    aRx1Buffer                               0x2000004b   Data           1  usart.o(.data)
    aRx2Buffer                               0x2000004c   Data           1  usart.o(.data)
    retSD                                    0x2000004d   Data           1  fatfs.o(.data)
    SDPath                                   0x2000004e   Data           4  fatfs.o(.data)
    uwTickFreq                               0x20000054   Data           1  stm32f1xx_hal.o(.data)
    uwTickPrio                               0x20000058   Data           4  stm32f1xx_hal.o(.data)
    uwTick                                   0x2000005c   Data           4  stm32f1xx_hal.o(.data)
    SystemCoreClock                          0x20000060   Data           4  system_stm32f1xx.o(.data)
    pxCurrentTCB                             0x20000070   Data           4  tasks.o(.data)
    __stdout                                 0x200000d8   Data           4  stdout.o(.data)
    __microlib_freelist                      0x200000dc   Data           4  mvars.o(.data)
    __microlib_freelist_initialised          0x200000e0   Data           4  mvars.o(.data)
    fs                                       0x20000368   Data         564  sdtask.o(.bss)
    hiwdg                                    0x200007f0   Data          12  iwdg.o(.bss)
    hrtc                                     0x200007fc   Data          20  rtc.o(.bss)
    hsd                                      0x20000810   Data         132  sdio.o(.bss)
    hdma_sdio                                0x20000894   Data          68  sdio.o(.bss)
    rx1S                                     0x200008d8   Data         258  usart.o(.bss)
    rx2S                                     0x200009da   Data         258  usart.o(.bss)
    huart1                                   0x20000adc   Data          72  usart.o(.bss)
    huart2                                   0x20000b24   Data          72  usart.o(.bss)
    htim7                                    0x20000b6c   Data          72  stm32f1xx_hal_timebase_tim.o(.bss)
    disk                                     0x20000bcc   Data          12  ff_gen_drv.o(.bss)
    xQueueRegistry                           0x20000bd8   Data          64  queue.o(.bss)
    __heap_base                              0x20004908   Data           0  startup_stm32f103xg.o(HEAP)
    __heap_limit                             0x20008908   Data           0  startup_stm32f103xg.o(HEAP)
    __initial_sp                             0x2000c908   Data           0  startup_stm32f103xg.o(STACK)



==============================================================================

Memory Map of the image

  Image Entry point : 0x08000131

  Load Region LR_IROM1 (Base: 0x08000000, Size: 0x0000b134, Max: 0x00100000, ABSOLUTE)

    Execution Region ER_IROM1 (Exec base: 0x08000000, Load base: 0x08000000, Size: 0x0000b050, Max: 0x00100000, ABSOLUTE)

    Exec Addr    Load Addr    Size         Type   Attr      Idx    E Section Name        Object

    0x08000000   0x08000000   0x00000130   Data   RO            3    RESET               startup_stm32f103xg.o
    0x08000130   0x08000130   0x00000000   Code   RO         7032  * .ARM.Collect$$$$00000000  mc_w.l(entry.o)
    0x08000130   0x08000130   0x00000004   Code   RO         7370    .ARM.Collect$$$$00000001  mc_w.l(entry2.o)
    0x08000134   0x08000134   0x00000004   Code   RO         7373    .ARM.Collect$$$$00000004  mc_w.l(entry5.o)
    0x08000138   0x08000138   0x00000000   Code   RO         7375    .ARM.Collect$$$$00000008  mc_w.l(entry7b.o)
    0x08000138   0x08000138   0x00000000   Code   RO         7377    .ARM.Collect$$$$0000000A  mc_w.l(entry8b.o)
    0x08000138   0x08000138   0x00000008   Code   RO         7378    .ARM.Collect$$$$0000000B  mc_w.l(entry9a.o)
    0x08000140   0x08000140   0x00000004   Code   RO         7385    .ARM.Collect$$$$0000000E  mc_w.l(entry12b.o)
    0x08000144   0x08000144   0x00000000   Code   RO         7380    .ARM.Collect$$$$0000000F  mc_w.l(entry10a.o)
    0x08000144   0x08000144   0x00000000   Code   RO         7382    .ARM.Collect$$$$00000011  mc_w.l(entry11a.o)
    0x08000144   0x08000144   0x00000004   Code   RO         7371    .ARM.Collect$$$$00002712  mc_w.l(entry2.o)
    0x08000148   0x08000148   0x00000096   Code   RO         6951    .emb_text           port.o
    0x080001de   0x080001de   0x00000002   PAD
    0x080001e0   0x080001e0   0x00000024   Code   RO            4    .text               startup_stm32f103xg.o
    0x08000204   0x08000204   0x00000020   Code   RO         7035    .text               mc_w.l(llushr.o)
    0x08000224   0x08000224   0x0000000c   Code   RO         7037    .text               mc_w.l(tolower.o)
    0x08000230   0x08000230   0x00000024   Code   RO         7039    .text               mc_w.l(memcpya.o)
    0x08000254   0x08000254   0x00000024   Code   RO         7043    .text               mc_w.l(memseta.o)
    0x08000278   0x08000278   0x0000000e   Code   RO         7047    .text               mc_w.l(strlen.o)
    0x08000286   0x08000286   0x0000001c   Code   RO         7049    .text               mc_w.l(strcmp.o)
    0x080002a2   0x080002a2   0x0000001a   Code   RO         7051    .text               mc_w.l(memcmp.o)
    0x080002bc   0x080002bc   0x00000012   Code   RO         7053    .text               mc_w.l(strcpy.o)
    0x080002ce   0x080002ce   0x0000001e   Code   RO         7055    .text               mc_w.l(strncmp.o)
    0x080002ec   0x080002ec   0x00000038   Code   RO         7350    .text               mc_w.l(__0sscanf.o)
    0x08000324   0x08000324   0x00000360   Code   RO         7352    .text               mc_w.l(scanf_fp.o)
    0x08000684   0x08000684   0x0000014e   Code   RO         7356    .text               mf_w.l(dadd.o)
    0x080007d2   0x080007d2   0x0000002e   Code   RO         7358    .text               mf_w.l(dscalb.o)
    0x08000800   0x08000800   0x00000022   Code   RO         7360    .text               mf_w.l(dflti.o)
    0x08000822   0x08000822   0x0000003e   Code   RO         7362    .text               mf_w.l(dfixi.o)
    0x08000860   0x08000860   0x00000030   Code   RO         7366    .text               mf_w.l(cdcmple.o)
    0x08000890   0x08000890   0x00000030   Code   RO         7368    .text               mf_w.l(cdrcmple.o)
    0x080008c0   0x080008c0   0x0000002c   Code   RO         7387    .text               mc_w.l(uidiv.o)
    0x080008ec   0x080008ec   0x00000062   Code   RO         7389    .text               mc_w.l(uldiv.o)
    0x0800094e   0x0800094e   0x0000001e   Code   RO         7391    .text               mc_w.l(llshl.o)
    0x0800096c   0x0800096c   0x00000024   Code   RO         7393    .text               mc_w.l(llsshr.o)
    0x08000990   0x08000990   0x00000028   Code   RO         7397    .text               mc_w.l(scanf_char.o)
    0x080009b8   0x080009b8   0x00000040   Code   RO         7399    .text               mc_w.l(_sgetc.o)
    0x080009f8   0x080009f8   0x0000009c   Code   RO         7401    .text               mc_w.l(strtod.o)
    0x08000a94   0x08000a94   0x00000000   Code   RO         7403    .text               mc_w.l(iusefp.o)
    0x08000a94   0x08000a94   0x000000ba   Code   RO         7404    .text               mf_w.l(depilogue.o)
    0x08000b4e   0x08000b4e   0x000000e4   Code   RO         7406    .text               mf_w.l(dmul.o)
    0x08000c32   0x08000c32   0x000000de   Code   RO         7408    .text               mf_w.l(ddiv.o)
    0x08000d10   0x08000d10   0x00000018   Code   RO         7410    .text               mf_w.l(dfltul.o)
    0x08000d28   0x08000d28   0x00000030   Code   RO         7412    .text               mf_w.l(dfixul.o)
    0x08000d58   0x08000d58   0x00000038   Code   RO         7414    .text               mf_w.l(d2f.o)
    0x08000d90   0x08000d90   0x00000024   Code   RO         7416    .text               mc_w.l(init.o)
    0x08000db4   0x08000db4   0x0000000a   Code   RO         7418    .text               mc_w.l(isspace_c.o)
    0x08000dbe   0x08000dbe   0x00000002   PAD
    0x08000dc0   0x08000dc0   0x00000330   Code   RO         7420    .text               mc_w.l(_scanf.o)
    0x080010f0   0x080010f0   0x0000006e   Code   RO         7422    .text               mf_w.l(fepilogue.o)
    0x0800115e   0x0800115e   0x00000002   PAD
    0x08001160   0x08001160   0x00000028   Code   RO         7424    .text               mc_w.l(ctype_c.o)
    0x08001188   0x08001188   0x00000018   Code   RO         1876    i.BSP_PlatformIsDetected  fatfs_platform.o
    0x080011a0   0x080011a0   0x00000002   Code   RO         1755    i.BSP_SD_AbortCallback  bsp_driver_sd.o
    0x080011a2   0x080011a2   0x00000002   PAD
    0x080011a4   0x080011a4   0x0000000c   Code   RO         1758    i.BSP_SD_GetCardInfo  bsp_driver_sd.o
    0x080011b0   0x080011b0   0x00000018   Code   RO         1759    i.BSP_SD_GetCardState  bsp_driver_sd.o
    0x080011c8   0x080011c8   0x00000030   Code   RO         1761    i.BSP_SD_Init       bsp_driver_sd.o
    0x080011f8   0x080011f8   0x0000001a   Code   RO         1762    i.BSP_SD_IsDetected  bsp_driver_sd.o
    0x08001212   0x08001212   0x00000002   PAD
    0x08001214   0x08001214   0x00000020   Code   RO         1763    i.BSP_SD_ReadBlocks  bsp_driver_sd.o
    0x08001234   0x08001234   0x00000002   Code   RO         1765    i.BSP_SD_ReadCpltCallback  bsp_driver_sd.o
    0x08001236   0x08001236   0x00000002   PAD
    0x08001238   0x08001238   0x00000020   Code   RO         1766    i.BSP_SD_WriteBlocks  bsp_driver_sd.o
    0x08001258   0x08001258   0x00000002   Code   RO         1768    i.BSP_SD_WriteCpltCallback  bsp_driver_sd.o
    0x0800125a   0x0800125a   0x00000002   Code   RO         1598    i.BusFault_Handler  stm32f1xx_it.o
    0x0800125c   0x0800125c   0x00000134   Code   RO          839    i.CMDTask           cmd.o
    0x08001390   0x08001390   0x00000062   Code   RO         1421    i.CharToDec         rtc.o
    0x080013f2   0x080013f2   0x00000002   PAD
    0x080013f4   0x080013f4   0x0000000c   Code   RO         1599    i.DMA2_Channel4_5_IRQHandler  stm32f1xx_it.o
    0x08001400   0x08001400   0x00000040   Code   RO         1422    i.Date_read_BKP     rtc.o
    0x08001440   0x08001440   0x00000030   Code   RO         1423    i.Date_write_BKP    rtc.o
    0x08001470   0x08001470   0x00000002   Code   RO         1600    i.DebugMon_Handler  stm32f1xx_it.o
    0x08001472   0x08001472   0x00000004   Code   RO         1232    i.Error_Handler     main.o
    0x08001476   0x08001476   0x00000006   Code   RO         5575    i.FATFS_LinkDriver  ff_gen_drv.o
    0x0800147c   0x0800147c   0x00000040   Code   RO         5576    i.FATFS_LinkDriverEx  ff_gen_drv.o
    0x080014bc   0x080014bc   0x00000046   Code   RO         3328    i.HAL_DMA_Abort     stm32f1xx_hal_dma.o
    0x08001502   0x08001502   0x00000002   PAD
    0x08001504   0x08001504   0x00000130   Code   RO         3329    i.HAL_DMA_Abort_IT  stm32f1xx_hal_dma.o
    0x08001634   0x08001634   0x00000248   Code   RO         3333    i.HAL_DMA_IRQHandler  stm32f1xx_hal_dma.o
    0x0800187c   0x0800187c   0x0000007c   Code   RO         3334    i.HAL_DMA_Init      stm32f1xx_hal_dma.o
    0x080018f8   0x080018f8   0x00000024   Code   RO         2954    i.HAL_Delay         stm32f1xx_hal.o
    0x0800191c   0x0800191c   0x000001f8   Code   RO         3264    i.HAL_GPIO_Init     stm32f1xx_hal_gpio.o
    0x08001b14   0x08001b14   0x0000000a   Code   RO         3266    i.HAL_GPIO_ReadPin  stm32f1xx_hal_gpio.o
    0x08001b1e   0x08001b1e   0x00000010   Code   RO         3267    i.HAL_GPIO_TogglePin  stm32f1xx_hal_gpio.o
    0x08001b2e   0x08001b2e   0x0000000a   Code   RO         3268    i.HAL_GPIO_WritePin  stm32f1xx_hal_gpio.o
    0x08001b38   0x08001b38   0x0000000c   Code   RO         2958    i.HAL_GetTick       stm32f1xx_hal.o
    0x08001b44   0x08001b44   0x0000005e   Code   RO         3961    i.HAL_IWDG_Init     stm32f1xx_hal_iwdg.o
    0x08001ba2   0x08001ba2   0x0000000c   Code   RO         3962    i.HAL_IWDG_Refresh  stm32f1xx_hal_iwdg.o
    0x08001bae   0x08001bae   0x00000002   PAD
    0x08001bb0   0x08001bb0   0x00000010   Code   RO         2964    i.HAL_IncTick       stm32f1xx_hal.o
    0x08001bc0   0x08001bc0   0x00000024   Code   RO         2965    i.HAL_Init          stm32f1xx_hal.o
    0x08001be4   0x08001be4   0x00000098   Code   RO         1716    i.HAL_InitTick      stm32f1xx_hal_timebase_tim.o
    0x08001c7c   0x08001c7c   0x00000048   Code   RO         1692    i.HAL_MspInit       stm32f1xx_hal_msp.o
    0x08001cc4   0x08001cc4   0x0000001a   Code   RO         3429    i.HAL_NVIC_EnableIRQ  stm32f1xx_hal_cortex.o
    0x08001cde   0x08001cde   0x00000002   PAD
    0x08001ce0   0x08001ce0   0x00000040   Code   RO         3435    i.HAL_NVIC_SetPriority  stm32f1xx_hal_cortex.o
    0x08001d20   0x08001d20   0x00000024   Code   RO         3436    i.HAL_NVIC_SetPriorityGrouping  stm32f1xx_hal_cortex.o
    0x08001d44   0x08001d44   0x00000024   Code   RO         3437    i.HAL_NVIC_SystemReset  stm32f1xx_hal_cortex.o
    0x08001d68   0x08001d68   0x0000000c   Code   RO         3576    i.HAL_PWR_EnableBkUpAccess  stm32f1xx_hal_pwr.o
    0x08001d74   0x08001d74   0x000000b8   Code   RO         3225    i.HAL_RCCEx_GetPeriphCLKFreq  stm32f1xx_hal_rcc_ex.o
    0x08001e2c   0x08001e2c   0x000000ec   Code   RO         3226    i.HAL_RCCEx_PeriphCLKConfig  stm32f1xx_hal_rcc_ex.o
    0x08001f18   0x08001f18   0x0000012c   Code   RO         3122    i.HAL_RCC_ClockConfig  stm32f1xx_hal_rcc.o
    0x08002044   0x08002044   0x00000040   Code   RO         3126    i.HAL_RCC_GetClockConfig  stm32f1xx_hal_rcc.o
    0x08002084   0x08002084   0x00000020   Code   RO         3129    i.HAL_RCC_GetPCLK1Freq  stm32f1xx_hal_rcc.o
    0x080020a4   0x080020a4   0x00000020   Code   RO         3130    i.HAL_RCC_GetPCLK2Freq  stm32f1xx_hal_rcc.o
    0x080020c4   0x080020c4   0x0000004c   Code   RO         3131    i.HAL_RCC_GetSysClockFreq  stm32f1xx_hal_rcc.o
    0x08002110   0x08002110   0x00000320   Code   RO         3134    i.HAL_RCC_OscConfig  stm32f1xx_hal_rcc.o
    0x08002430   0x08002430   0x00000010   Code   RO         4161    i.HAL_RTCEx_BKUPRead  stm32f1xx_hal_rtc_ex.o
    0x08002440   0x08002440   0x00000010   Code   RO         4162    i.HAL_RTCEx_BKUPWrite  stm32f1xx_hal_rtc_ex.o
    0x08002450   0x08002450   0x00000002   Code   RO         4166    i.HAL_RTCEx_RTCEventCallback  stm32f1xx_hal_rtc_ex.o
    0x08002452   0x08002452   0x00000002   Code   RO         4167    i.HAL_RTCEx_RTCEventErrorCallback  stm32f1xx_hal_rtc_ex.o
    0x08002454   0x08002454   0x0000003e   Code   RO         4168    i.HAL_RTCEx_RTCIRQHandler  stm32f1xx_hal_rtc_ex.o
    0x08002492   0x08002492   0x0000004e   Code   RO         3996    i.HAL_RTC_GetDate   stm32f1xx_hal_rtc.o
    0x080024e0   0x080024e0   0x000000d8   Code   RO         3998    i.HAL_RTC_GetTime   stm32f1xx_hal_rtc.o
    0x080025b8   0x080025b8   0x00000094   Code   RO         3999    i.HAL_RTC_Init      stm32f1xx_hal_rtc.o
    0x0800264c   0x0800264c   0x00000048   Code   RO         1425    i.HAL_RTC_MspInit   rtc.o
    0x08002694   0x08002694   0x000000c4   Code   RO         4005    i.HAL_RTC_SetDate   stm32f1xx_hal_rtc.o
    0x08002758   0x08002758   0x000000ac   Code   RO         4006    i.HAL_RTC_SetTime   stm32f1xx_hal_rtc.o
    0x08002804   0x08002804   0x0000003a   Code   RO         4007    i.HAL_RTC_WaitForSynchro  stm32f1xx_hal_rtc.o
    0x0800283e   0x0800283e   0x00000008   Code   RO         1769    i.HAL_SD_AbortCallback  bsp_driver_sd.o
    0x08002846   0x08002846   0x00000002   PAD
    0x08002848   0x08002848   0x00000118   Code   RO         4552    i.HAL_SD_ConfigWideBusOperation  stm32f1xx_hal_sd.o
    0x08002960   0x08002960   0x00000002   Code   RO         4555    i.HAL_SD_ErrorCallback  stm32f1xx_hal_sd.o
    0x08002962   0x08002962   0x00000002   PAD
    0x08002964   0x08002964   0x00000198   Code   RO         4557    i.HAL_SD_GetCardCSD  stm32f1xx_hal_sd.o
    0x08002afc   0x08002afc   0x00000024   Code   RO         4558    i.HAL_SD_GetCardInfo  stm32f1xx_hal_sd.o
    0x08002b20   0x08002b20   0x0000002c   Code   RO         4559    i.HAL_SD_GetCardState  stm32f1xx_hal_sd.o
    0x08002b4c   0x08002b4c   0x000001f8   Code   RO         4563    i.HAL_SD_IRQHandler  stm32f1xx_hal_sd.o
    0x08002d44   0x08002d44   0x00000036   Code   RO         4564    i.HAL_SD_Init       stm32f1xx_hal_sd.o
    0x08002d7a   0x08002d7a   0x00000002   PAD
    0x08002d7c   0x08002d7c   0x00000078   Code   RO         4565    i.HAL_SD_InitCard   stm32f1xx_hal_sd.o
    0x08002df4   0x08002df4   0x000000cc   Code   RO         1495    i.HAL_SD_MspInit    sdio.o
    0x08002ec0   0x08002ec0   0x000001e0   Code   RO         4568    i.HAL_SD_ReadBlocks  stm32f1xx_hal_sd.o
    0x080030a0   0x080030a0   0x00000008   Code   RO         1770    i.HAL_SD_RxCpltCallback  bsp_driver_sd.o
    0x080030a8   0x080030a8   0x00000008   Code   RO         1771    i.HAL_SD_TxCpltCallback  bsp_driver_sd.o
    0x080030b0   0x080030b0   0x000001b0   Code   RO         4573    i.HAL_SD_WriteBlocks  stm32f1xx_hal_sd.o
    0x08003260   0x08003260   0x00000002   Code   RO         2680    i.HAL_TIMEx_BreakCallback  stm32f1xx_hal_tim_ex.o
    0x08003262   0x08003262   0x00000002   Code   RO         2681    i.HAL_TIMEx_CommutCallback  stm32f1xx_hal_tim_ex.o
    0x08003264   0x08003264   0x0000005a   Code   RO         1976    i.HAL_TIM_Base_Init  stm32f1xx_hal_tim.o
    0x080032be   0x080032be   0x00000002   Code   RO         1978    i.HAL_TIM_Base_MspInit  stm32f1xx_hal_tim.o
    0x080032c0   0x080032c0   0x00000080   Code   RO         1981    i.HAL_TIM_Base_Start_IT  stm32f1xx_hal_tim.o
    0x08003340   0x08003340   0x00000002   Code   RO         2010    i.HAL_TIM_IC_CaptureCallback  stm32f1xx_hal_tim.o
    0x08003342   0x08003342   0x00000130   Code   RO         2024    i.HAL_TIM_IRQHandler  stm32f1xx_hal_tim.o
    0x08003472   0x08003472   0x00000002   Code   RO         2027    i.HAL_TIM_OC_DelayElapsedCallback  stm32f1xx_hal_tim.o
    0x08003474   0x08003474   0x00000002   Code   RO         2054    i.HAL_TIM_PWM_PulseFinishedCallback  stm32f1xx_hal_tim.o
    0x08003476   0x08003476   0x00000002   PAD
    0x08003478   0x08003478   0x00000014   Code   RO         1233    i.HAL_TIM_PeriodElapsedCallback  main.o
    0x0800348c   0x0800348c   0x00000002   Code   RO         2067    i.HAL_TIM_TriggerCallback  stm32f1xx_hal_tim.o
    0x0800348e   0x0800348e   0x00000002   Code   RO         4804    i.HAL_UARTEx_RxEventCallback  stm32f1xx_hal_uart.o
    0x08003490   0x08003490   0x00000002   Code   RO         4818    i.HAL_UART_ErrorCallback  stm32f1xx_hal_uart.o
    0x08003492   0x08003492   0x00000002   PAD
    0x08003494   0x08003494   0x0000026c   Code   RO         4821    i.HAL_UART_IRQHandler  stm32f1xx_hal_uart.o
    0x08003700   0x08003700   0x00000064   Code   RO         4822    i.HAL_UART_Init     stm32f1xx_hal_uart.o
    0x08003764   0x08003764   0x000000d8   Code   RO         1537    i.HAL_UART_MspInit  usart.o
    0x0800383c   0x0800383c   0x0000001c   Code   RO         4827    i.HAL_UART_Receive_IT  stm32f1xx_hal_uart.o
    0x08003858   0x08003858   0x00000124   Code   RO         1538    i.HAL_UART_RxCpltCallback  usart.o
    0x0800397c   0x0800397c   0x000000a0   Code   RO         4830    i.HAL_UART_Transmit  stm32f1xx_hal_uart.o
    0x08003a1c   0x08003a1c   0x00000002   Code   RO         4833    i.HAL_UART_TxCpltCallback  stm32f1xx_hal_uart.o
    0x08003a1e   0x08003a1e   0x00000002   Code   RO         1601    i.HardFault_Handler  stm32f1xx_it.o
    0x08003a20   0x08003a20   0x0000002c   Code   RO         1367    i.MX_DMA_Init       dma.o
    0x08003a4c   0x08003a4c   0x0000001c   Code   RO         1900    i.MX_FATFS_Init     fatfs.o
    0x08003a68   0x08003a68   0x000000b0   Code   RO         1317    i.MX_FREERTOS_Init  freertos.o
    0x08003b18   0x08003b18   0x00000094   Code   RO         1293    i.MX_GPIO_Init      gpio.o
    0x08003bac   0x08003bac   0x0000002c   Code   RO         1391    i.MX_IWDG_Init      iwdg.o
    0x08003bd8   0x08003bd8   0x000000c8   Code   RO         1426    i.MX_RTC_Init       rtc.o
    0x08003ca0   0x08003ca0   0x00000044   Code   RO         1496    i.MX_SDIO_SD_Init   sdio.o
    0x08003ce4   0x08003ce4   0x00000038   Code   RO         1539    i.MX_USART1_UART_Init  usart.o
    0x08003d1c   0x08003d1c   0x00000038   Code   RO         1540    i.MX_USART2_UART_Init  usart.o
    0x08003d54   0x08003d54   0x00000002   Code   RO         1602    i.MemManage_Handler  stm32f1xx_it.o
    0x08003d56   0x08003d56   0x00000002   Code   RO         1603    i.NMI_Handler       stm32f1xx_it.o
    0x08003d58   0x08003d58   0x00000012   Code   RO         4008    i.RTC_Bcd2ToByte    stm32f1xx_hal_rtc.o
    0x08003d6a   0x08003d6a   0x00000016   Code   RO         4009    i.RTC_ByteToBcd2    stm32f1xx_hal_rtc.o
    0x08003d80   0x08003d80   0x000000ae   Code   RO         4010    i.RTC_DateUpdate    stm32f1xx_hal_rtc.o
    0x08003e2e   0x08003e2e   0x00000034   Code   RO         4011    i.RTC_EnterInitMode  stm32f1xx_hal_rtc.o
    0x08003e62   0x08003e62   0x00000002   PAD
    0x08003e64   0x08003e64   0x00000036   Code   RO         4012    i.RTC_ExitInitMode  stm32f1xx_hal_rtc.o
    0x08003e9a   0x08003e9a   0x00000002   PAD
    0x08003e9c   0x08003e9c   0x0000000c   Code   RO         1604    i.RTC_IRQHandler    stm32f1xx_it.o
    0x08003ea8   0x08003ea8   0x0000000e   Code   RO         4013    i.RTC_ReadAlarmCounter  stm32f1xx_hal_rtc.o
    0x08003eb6   0x08003eb6   0x00000020   Code   RO         4014    i.RTC_ReadTimeCounter  stm32f1xx_hal_rtc.o
    0x08003ed6   0x08003ed6   0x00000056   Code   RO         4015    i.RTC_WeekDayNum    stm32f1xx_hal_rtc.o
    0x08003f2c   0x08003f2c   0x00000028   Code   RO         4016    i.RTC_WriteAlarmCounter  stm32f1xx_hal_rtc.o
    0x08003f54   0x08003f54   0x00000028   Code   RO         4017    i.RTC_WriteTimeCounter  stm32f1xx_hal_rtc.o
    0x08003f7c   0x08003f7c   0x00000024   Code   RO         4263    i.SDIO_ConfigData   stm32f1xx_ll_sdmmc.o
    0x08003fa0   0x08003fa0   0x00000008   Code   RO         4267    i.SDIO_GetPowerState  stm32f1xx_ll_sdmmc.o
    0x08003fa8   0x08003fa8   0x00000006   Code   RO         4268    i.SDIO_GetResponse  stm32f1xx_ll_sdmmc.o
    0x08003fae   0x08003fae   0x00000002   PAD
    0x08003fb0   0x08003fb0   0x0000000c   Code   RO         1605    i.SDIO_IRQHandler   stm32f1xx_it.o
    0x08003fbc   0x08003fbc   0x00000024   Code   RO         4269    i.SDIO_Init         stm32f1xx_ll_sdmmc.o
    0x08003fe0   0x08003fe0   0x00000008   Code   RO         4271    i.SDIO_PowerState_ON  stm32f1xx_ll_sdmmc.o
    0x08003fe8   0x08003fe8   0x00000006   Code   RO         4272    i.SDIO_ReadFIFO     stm32f1xx_ll_sdmmc.o
    0x08003fee   0x08003fee   0x00000020   Code   RO         4273    i.SDIO_SendCommand  stm32f1xx_ll_sdmmc.o
    0x0800400e   0x0800400e   0x0000000a   Code   RO         4275    i.SDIO_WriteFIFO    stm32f1xx_ll_sdmmc.o
    0x08004018   0x08004018   0x00000032   Code   RO         4276    i.SDMMC_CmdAppCommand  stm32f1xx_ll_sdmmc.o
    0x0800404a   0x0800404a   0x00000002   PAD
    0x0800404c   0x0800404c   0x00000034   Code   RO         4277    i.SDMMC_CmdAppOperCommand  stm32f1xx_ll_sdmmc.o
    0x08004080   0x08004080   0x00000032   Code   RO         4278    i.SDMMC_CmdBlockLength  stm32f1xx_ll_sdmmc.o
    0x080040b2   0x080040b2   0x00000032   Code   RO         4279    i.SDMMC_CmdBusWidth  stm32f1xx_ll_sdmmc.o
    0x080040e4   0x080040e4   0x00000050   Code   RO         4283    i.SDMMC_CmdGoIdleState  stm32f1xx_ll_sdmmc.o
    0x08004134   0x08004134   0x00000030   Code   RO         4285    i.SDMMC_CmdOperCond  stm32f1xx_ll_sdmmc.o
    0x08004164   0x08004164   0x00000032   Code   RO         4286    i.SDMMC_CmdReadMultiBlock  stm32f1xx_ll_sdmmc.o
    0x08004196   0x08004196   0x00000032   Code   RO         4287    i.SDMMC_CmdReadSingleBlock  stm32f1xx_ll_sdmmc.o
    0x080041c8   0x080041c8   0x00000032   Code   RO         4290    i.SDMMC_CmdSelDesel  stm32f1xx_ll_sdmmc.o
    0x080041fa   0x080041fa   0x0000002c   Code   RO         4291    i.SDMMC_CmdSendCID  stm32f1xx_ll_sdmmc.o
    0x08004226   0x08004226   0x0000002c   Code   RO         4292    i.SDMMC_CmdSendCSD  stm32f1xx_ll_sdmmc.o
    0x08004252   0x08004252   0x00000030   Code   RO         4294    i.SDMMC_CmdSendSCR  stm32f1xx_ll_sdmmc.o
    0x08004282   0x08004282   0x00000032   Code   RO         4295    i.SDMMC_CmdSendStatus  stm32f1xx_ll_sdmmc.o
    0x080042b4   0x080042b4   0x00000030   Code   RO         4296    i.SDMMC_CmdSetRelAdd  stm32f1xx_ll_sdmmc.o
    0x080042e4   0x080042e4   0x00000034   Code   RO         4299    i.SDMMC_CmdStopTransfer  stm32f1xx_ll_sdmmc.o
    0x08004318   0x08004318   0x00000032   Code   RO         4301    i.SDMMC_CmdWriteMultiBlock  stm32f1xx_ll_sdmmc.o
    0x0800434a   0x0800434a   0x00000032   Code   RO         4302    i.SDMMC_CmdWriteSingleBlock  stm32f1xx_ll_sdmmc.o
    0x0800437c   0x0800437c   0x00000120   Code   RO         4303    i.SDMMC_GetCmdResp1  stm32f1xx_ll_sdmmc.o
    0x0800449c   0x0800449c   0x00000050   Code   RO         4304    i.SDMMC_GetCmdResp2  stm32f1xx_ll_sdmmc.o
    0x080044ec   0x080044ec   0x00000044   Code   RO         4305    i.SDMMC_GetCmdResp3  stm32f1xx_ll_sdmmc.o
    0x08004530   0x08004530   0x00000088   Code   RO         4306    i.SDMMC_GetCmdResp6  stm32f1xx_ll_sdmmc.o
    0x080045b8   0x080045b8   0x00000058   Code   RO         4307    i.SDMMC_GetCmdResp7  stm32f1xx_ll_sdmmc.o
    0x08004610   0x08004610   0x000000b8   Code   RO         1105    i.SDTask            sdtask.o
    0x080046c8   0x080046c8   0x00000044   Code   RO         4578    i.SD_DMARxAbort     stm32f1xx_hal_sd.o
    0x0800470c   0x0800470c   0x00000044   Code   RO         4580    i.SD_DMATxAbort     stm32f1xx_hal_sd.o
    0x08004750   0x08004750   0x000000e0   Code   RO         4581    i.SD_FindSCR        stm32f1xx_hal_sd.o
    0x08004830   0x08004830   0x000000ee   Code   RO         4582    i.SD_InitCard       stm32f1xx_hal_sd.o
    0x0800491e   0x0800491e   0x00000002   PAD
    0x08004920   0x08004920   0x000000b4   Code   RO         4583    i.SD_PowerON        stm32f1xx_hal_sd.o
    0x080049d4   0x080049d4   0x00000020   Code   RO         5688    i.SD_initialize     sd_diskio.o
    0x080049f4   0x080049f4   0x00000050   Code   RO         5689    i.SD_ioctl          sd_diskio.o
    0x08004a44   0x08004a44   0x0000003c   Code   RO         5690    i.SD_read           sd_diskio.o
    0x08004a80   0x08004a80   0x00000020   Code   RO         5691    i.SD_status         sd_diskio.o
    0x08004aa0   0x08004aa0   0x0000003c   Code   RO         5692    i.SD_write          sd_diskio.o
    0x08004adc   0x08004adc   0x00000024   Code   RO         1318    i.StartDefaultTask  freertos.o
    0x08004b00   0x08004b00   0x0000002c   Code   RO         6952    i.SysTick_Handler   port.o
    0x08004b2c   0x08004b2c   0x0000007e   Code   RO         1234    i.SystemClock_Config  main.o
    0x08004baa   0x08004baa   0x00000002   Code   RO         5156    i.SystemInit        system_stm32f1xx.o
    0x08004bac   0x08004bac   0x0000000c   Code   RO         1606    i.TIM7_IRQHandler   stm32f1xx_it.o
    0x08004bb8   0x08004bb8   0x000000d8   Code   RO         2069    i.TIM_Base_SetConfig  stm32f1xx_hal_tim.o
    0x08004c90   0x08004c90   0x0000033c   Code   RO         1186    i.TestTask          testtask.o
    0x08004fcc   0x08004fcc   0x00000010   Code   RO         4835    i.UART_DMAAbortOnError  stm32f1xx_hal_uart.o
    0x08004fdc   0x08004fdc   0x0000004e   Code   RO         4845    i.UART_EndRxTransfer  stm32f1xx_hal_uart.o
    0x0800502a   0x0800502a   0x000000c2   Code   RO         4847    i.UART_Receive_IT   stm32f1xx_hal_uart.o
    0x080050ec   0x080050ec   0x000000b8   Code   RO         4848    i.UART_SetConfig    stm32f1xx_hal_uart.o
    0x080051a4   0x080051a4   0x00000036   Code   RO         4850    i.UART_Start_Receive_IT  stm32f1xx_hal_uart.o
    0x080051da   0x080051da   0x00000072   Code   RO         4851    i.UART_WaitOnFlagUntilTimeout  stm32f1xx_hal_uart.o
    0x0800524c   0x0800524c   0x0000002c   Code   RO         1427    i.UISet_Date        rtc.o
    0x08005278   0x08005278   0x0000001c   Code   RO         1428    i.UISet_Time        rtc.o
    0x08005294   0x08005294   0x0000000c   Code   RO         1607    i.USART1_IRQHandler  stm32f1xx_it.o
    0x080052a0   0x080052a0   0x0000000c   Code   RO         1608    i.USART2_IRQHandler  stm32f1xx_it.o
    0x080052ac   0x080052ac   0x00000002   Code   RO         1609    i.UsageFault_Handler  stm32f1xx_it.o
    0x080052ae   0x080052ae   0x00000002   PAD
    0x080052b0   0x080052b0   0x00000020   Code   RO         7294    i.__0printf         mc_w.l(printfa.o)
    0x080052d0   0x080052d0   0x00000034   Code   RO         7295    i.__0snprintf       mc_w.l(printfa.o)
    0x08005304   0x08005304   0x00000028   Code   RO         7296    i.__0sprintf        mc_w.l(printfa.o)
    0x0800532c   0x0800532c   0x00000020   Code   RO         3442    i.__NVIC_SetPriority  stm32f1xx_hal_cortex.o
    0x0800534c   0x0800534c   0x0000005c   Code   RO         7326    i.__free$realloc    mc_w.l(mallocr.o)
    0x080053a8   0x080053a8   0x00000050   Code   RO         7327    i.__malloc$realloc  mc_w.l(mallocr.o)
    0x080053f8   0x080053f8   0x0000000e   Code   RO         7429    i.__scatterload_copy  mc_w.l(handlers.o)
    0x08005406   0x08005406   0x00000002   Code   RO         7430    i.__scatterload_null  mc_w.l(handlers.o)
    0x08005408   0x08005408   0x0000000e   Code   RO         7431    i.__scatterload_zeroinit  mc_w.l(handlers.o)
    0x08005416   0x08005416   0x00000002   PAD
    0x08005418   0x08005418   0x00000184   Code   RO         7301    i._fp_digits        mc_w.l(printfa.o)
    0x0800559c   0x0800559c   0x0000000e   Code   RO         7354    i._is_digit         mc_w.l(scanf_fp.o)
    0x080055aa   0x080055aa   0x00000002   PAD
    0x080055ac   0x080055ac   0x000006b4   Code   RO         7302    i._printf_core      mc_w.l(printfa.o)
    0x08005c60   0x08005c60   0x00000024   Code   RO         7303    i._printf_post_padding  mc_w.l(printfa.o)
    0x08005c84   0x08005c84   0x0000002e   Code   RO         7304    i._printf_pre_padding  mc_w.l(printfa.o)
    0x08005cb2   0x08005cb2   0x00000016   Code   RO         7305    i._snputc           mc_w.l(printfa.o)
    0x08005cc8   0x08005cc8   0x0000000a   Code   RO         7306    i._sputc            mc_w.l(printfa.o)
    0x08005cd2   0x08005cd2   0x0000002a   Code   RO           10    i.add_item_to_array  cjson.o
    0x08005cfc   0x08005cfc   0x0000005a   Code   RO           11    i.add_item_to_object  cjson.o
    0x08005d56   0x08005d56   0x00000030   Code   RO           12    i.buffer_skip_whitespace  cjson.o
    0x08005d86   0x08005d86   0x00000002   PAD
    0x08005d88   0x08005d88   0x00000034   Code   RO           22    i.cJSON_AddNumberToObject  cjson.o
    0x08005dbc   0x08005dbc   0x00000030   Code   RO           25    i.cJSON_AddStringToObject  cjson.o
    0x08005dec   0x08005dec   0x00000060   Code   RO           36    i.cJSON_CreateNumber  cjson.o
    0x08005e4c   0x08005e4c   0x00000018   Code   RO           37    i.cJSON_CreateObject  cjson.o
    0x08005e64   0x08005e64   0x00000030   Code   RO           40    i.cJSON_CreateString  cjson.o
    0x08005e94   0x08005e94   0x00000048   Code   RO           44    i.cJSON_Delete      cjson.o
    0x08005edc   0x08005edc   0x0000001c   Code   RO           56    i.cJSON_GetNumberValue  cjson.o
    0x08005ef8   0x08005ef8   0x00000006   Code   RO           57    i.cJSON_GetObjectItem  cjson.o
    0x08005efe   0x08005efe   0x00000010   Code   RO           59    i.cJSON_GetStringValue  cjson.o
    0x08005f0e   0x08005f0e   0x00000012   Code   RO           68    i.cJSON_IsNumber    cjson.o
    0x08005f20   0x08005f20   0x00000012   Code   RO           71    i.cJSON_IsString    cjson.o
    0x08005f32   0x08005f32   0x00000016   Code   RO           74    i.cJSON_New_Item    cjson.o
    0x08005f48   0x08005f48   0x00000008   Code   RO           76    i.cJSON_ParseWithLength  cjson.o
    0x08005f50   0x08005f50   0x000000dc   Code   RO           77    i.cJSON_ParseWithLengthOpts  cjson.o
    0x0800602c   0x0800602c   0x0000000c   Code   RO           79    i.cJSON_Print       cjson.o
    0x08006038   0x08006038   0x00000028   Code   RO           92    i.cJSON_strdup      cjson.o
    0x08006060   0x08006060   0x00000078   Code   RO         5248    i.check_fs          ff.o
    0x080060d8   0x080060d8   0x0000006c   Code   RO         5249    i.chk_lock          ff.o
    0x08006144   0x08006144   0x00000024   Code   RO         5250    i.clear_lock        ff.o
    0x08006168   0x08006168   0x0000002a   Code   RO         5251    i.clmt_clust        ff.o
    0x08006192   0x08006192   0x0000001e   Code   RO         5252    i.clust2sect        ff.o
    0x080061b0   0x080061b0   0x00000058   Code   RO           93    i.compare_double    cjson.o
    0x08006208   0x08006208   0x000000b0   Code   RO         5253    i.create_chain      ff.o
    0x080062b8   0x080062b8   0x00000124   Code   RO         5254    i.create_name       ff.o
    0x080063dc   0x080063dc   0x0000003c   Code   RO         5255    i.dec_lock          ff.o
    0x08006418   0x08006418   0x000000e4   Code   RO         1106    i.delete_all_files  sdtask.o
    0x080064fc   0x080064fc   0x0000011e   Code   RO         5256    i.dir_next          ff.o
    0x0800661a   0x0800661a   0x00000002   PAD
    0x0800661c   0x0800661c   0x00000066   Code   RO         5257    i.dir_read          ff.o
    0x08006682   0x08006682   0x00000076   Code   RO         5258    i.dir_register      ff.o
    0x080066f8   0x080066f8   0x00000042   Code   RO         5259    i.dir_remove        ff.o
    0x0800673a   0x0800673a   0x00000098   Code   RO         5260    i.dir_sdi           ff.o
    0x080067d2   0x080067d2   0x00000002   PAD
    0x080067d4   0x080067d4   0x00000028   Code   RO         5193    i.disk_initialize   diskio.o
    0x080067fc   0x080067fc   0x0000001c   Code   RO         5194    i.disk_ioctl        diskio.o
    0x08006818   0x08006818   0x0000001c   Code   RO         5195    i.disk_read         diskio.o
    0x08006834   0x08006834   0x00000018   Code   RO         5196    i.disk_status       diskio.o
    0x0800684c   0x0800684c   0x0000001c   Code   RO         5197    i.disk_write        diskio.o
    0x08006868   0x08006868   0x0000008a   Code   RO           95    i.ensure            cjson.o
    0x080068f2   0x080068f2   0x00000036   Code   RO         5262    i.f_close           ff.o
    0x08006928   0x08006928   0x00000030   Code   RO         5263    i.f_closedir        ff.o
    0x08006958   0x08006958   0x00000048   Code   RO         5265    i.f_gets            ff.o
    0x080069a0   0x080069a0   0x000002ac   Code   RO         5266    i.f_lseek           ff.o
    0x08006c4c   0x08006c4c   0x00000084   Code   RO         5269    i.f_mount           ff.o
    0x08006cd0   0x08006cd0   0x000001b4   Code   RO         5270    i.f_open            ff.o
    0x08006e84   0x08006e84   0x0000009c   Code   RO         5271    i.f_opendir         ff.o
    0x08006f20   0x08006f20   0x000001d2   Code   RO         5275    i.f_read            ff.o
    0x080070f2   0x080070f2   0x00000062   Code   RO         5276    i.f_readdir         ff.o
    0x08007154   0x08007154   0x000000d2   Code   RO         5279    i.f_sync            ff.o
    0x08007226   0x08007226   0x000000ba   Code   RO         5281    i.f_unlink          ff.o
    0x080072e0   0x080072e0   0x0000021a   Code   RO         5283    i.f_write           ff.o
    0x080074fa   0x080074fa   0x0000001c   Code   RO         5625    i.ff_cre_syncobj    syscall.o
    0x08007516   0x08007516   0x0000000a   Code   RO         5626    i.ff_del_syncobj    syscall.o
    0x08007520   0x08007520   0x00000004   Code   RO         5627    i.ff_rel_grant      syscall.o
    0x08007524   0x08007524   0x00000014   Code   RO         5628    i.ff_req_grant      syscall.o
    0x08007538   0x08007538   0x000002dc   Code   RO         5284    i.find_volume       ff.o
    0x08007814   0x08007814   0x000000c0   Code   RO         5285    i.follow_path       ff.o
    0x080078d4   0x080078d4   0x00000018   Code   RO         1541    i.fputc             usart.o
    0x080078ec   0x080078ec   0x000000cc   Code   RO         5286    i.get_fat           ff.o
    0x080079b8   0x080079b8   0x00000004   Code   RO         1901    i.get_fattime       fatfs.o
    0x080079bc   0x080079bc   0x0000005a   Code   RO         5287    i.get_fileinfo      ff.o
    0x08007a16   0x08007a16   0x0000003c   Code   RO         5288    i.get_ldnumber      ff.o
    0x08007a52   0x08007a52   0x0000007a   Code   RO           97    i.get_object_item   cjson.o
    0x08007acc   0x08007acc   0x0000000c   Code   RO         6515    i.inHandlerMode     cmsis_os.o
    0x08007ad8   0x08007ad8   0x000000a0   Code   RO         5289    i.inc_lock          ff.o
    0x08007b78   0x08007b78   0x00000050   Code   RO         7328    i.internal_alloc    mc_w.l(mallocr.o)
    0x08007bc8   0x08007bc8   0x00000014   Code   RO         5290    i.ld_clust          ff.o
    0x08007bdc   0x08007bdc   0x000000e4   Code   RO         1107    i.list_dir          sdtask.o
    0x08007cc0   0x08007cc0   0x00000008   Code   RO         5291    i.lock_fs           ff.o
    0x08007cc8   0x08007cc8   0x00000032   Code   RO         1235    i.main              main.o
    0x08007cfa   0x08007cfa   0x0000000c   Code   RO         6517    i.makeFreeRtosPriority  cmsis_os.o
    0x08007d06   0x08007d06   0x00000002   PAD
    0x08007d08   0x08007d08   0x00000012   Code   RO         5292    i.mem_cpy           ff.o
    0x08007d1a   0x08007d1a   0x0000000e   Code   RO         5293    i.mem_set           ff.o
    0x08007d28   0x08007d28   0x00000036   Code   RO         5294    i.move_window       ff.o
    0x08007d5e   0x08007d5e   0x0000000e   Code   RO         6519    i.osDelay           cmsis_os.o
    0x08007d6c   0x08007d6c   0x0000000a   Code   RO         6522    i.osKernelStart     cmsis_os.o
    0x08007d76   0x08007d76   0x00000026   Code   RO         6531    i.osMessageCreate   cmsis_os.o
    0x08007d9c   0x08007d9c   0x00000094   Code   RO         6533    i.osMessageGet      cmsis_os.o
    0x08007e30   0x08007e30   0x0000005c   Code   RO         6535    i.osMessagePut      cmsis_os.o
    0x08007e8c   0x08007e8c   0x00000010   Code   RO         6537    i.osMutexCreate     cmsis_os.o
    0x08007e9c   0x08007e9c   0x00000050   Code   RO         6539    i.osMutexRelease    cmsis_os.o
    0x08007eec   0x08007eec   0x00000064   Code   RO         6540    i.osMutexWait       cmsis_os.o
    0x08007f50   0x08007f50   0x0000006a   Code   RO         6541    i.osPoolAlloc       cmsis_os.o
    0x08007fba   0x08007fba   0x0000005e   Code   RO         6543    i.osPoolCreate      cmsis_os.o
    0x08008018   0x08008018   0x00000030   Code   RO         6544    i.osPoolFree        cmsis_os.o
    0x08008048   0x08008048   0x0000003e   Code   RO         6548    i.osSemaphoreCreate  cmsis_os.o
    0x08008086   0x08008086   0x00000018   Code   RO         6549    i.osSemaphoreDelete  cmsis_os.o
    0x0800809e   0x0800809e   0x00000002   PAD
    0x080080a0   0x080080a0   0x00000050   Code   RO         6551    i.osSemaphoreRelease  cmsis_os.o
    0x080080f0   0x080080f0   0x00000064   Code   RO         6552    i.osSemaphoreWait   cmsis_os.o
    0x08008154   0x08008154   0x00000054   Code   RO         6556    i.osThreadCreate    cmsis_os.o
    0x080081a8   0x080081a8   0x000000d0   Code   RO           99    i.parse_array       cjson.o
    0x08008278   0x08008278   0x00000040   Code   RO          100    i.parse_hex4        cjson.o
    0x080082b8   0x080082b8   0x000000f0   Code   RO          101    i.parse_number      cjson.o
    0x080083a8   0x080083a8   0x0000010a   Code   RO          102    i.parse_object      cjson.o
    0x080084b2   0x080084b2   0x0000010c   Code   RO          103    i.parse_string      cjson.o
    0x080085be   0x080085be   0x00000002   PAD
    0x080085c0   0x080085c0   0x000000fc   Code   RO          104    i.parse_value       cjson.o
    0x080086bc   0x080086bc   0x00000098   Code   RO          105    i.print             cjson.o
    0x08008754   0x08008754   0x00000096   Code   RO          106    i.print_array       cjson.o
    0x080087ea   0x080087ea   0x00000002   PAD
    0x080087ec   0x080087ec   0x00000064   Code   RO         1108    i.print_data        sdtask.o
    0x08008850   0x08008850   0x00000110   Code   RO          107    i.print_number      cjson.o
    0x08008960   0x08008960   0x00000140   Code   RO          108    i.print_object      cjson.o
    0x08008aa0   0x08008aa0   0x00000110   Code   RO          109    i.print_string_ptr  cjson.o
    0x08008bb0   0x08008bb0   0x000000d0   Code   RO          110    i.print_value       cjson.o
    0x08008c80   0x08008c80   0x00000070   Code   RO         6199    i.prvAddCurrentTaskToDelayedList  tasks.o
    0x08008cf0   0x08008cf0   0x000000d0   Code   RO         6200    i.prvAddNewTaskToReadyList  tasks.o
    0x08008dc0   0x08008dc0   0x00000026   Code   RO         5884    i.prvCopyDataFromQueue  queue.o
    0x08008de6   0x08008de6   0x0000006c   Code   RO         5885    i.prvCopyDataToQueue  queue.o
    0x08008e52   0x08008e52   0x00000034   Code   RO         6201    i.prvDeleteTCB      tasks.o
    0x08008e86   0x08008e86   0x00000002   PAD
    0x08008e88   0x08008e88   0x0000004c   Code   RO         6884    i.prvHeapInit       heap_4.o
    0x08008ed4   0x08008ed4   0x00000060   Code   RO         6202    i.prvIdleTask       tasks.o
    0x08008f34   0x08008f34   0x00000016   Code   RO         5886    i.prvInitialiseMutex  queue.o
    0x08008f4a   0x08008f4a   0x00000016   Code   RO         5887    i.prvInitialiseNewQueue  queue.o
    0x08008f60   0x08008f60   0x00000098   Code   RO         6203    i.prvInitialiseNewTask  tasks.o
    0x08008ff8   0x08008ff8   0x0000004c   Code   RO         6885    i.prvInsertBlockIntoFreeList  heap_4.o
    0x08009044   0x08009044   0x0000001c   Code   RO         5888    i.prvIsQueueEmpty   queue.o
    0x08009060   0x08009060   0x00000020   Code   RO         6204    i.prvResetNextTaskUnblockTime  tasks.o
    0x08009080   0x08009080   0x00000028   Code   RO         6953    i.prvTaskExitError  port.o
    0x080090a8   0x080090a8   0x0000006a   Code   RO         5889    i.prvUnlockQueue    queue.o
    0x08009112   0x08009112   0x000000f6   Code   RO         5295    i.put_fat           ff.o
    0x08009208   0x08009208   0x000000dc   Code   RO         6886    i.pvPortMalloc      heap_4.o
    0x080092e4   0x080092e4   0x00000018   Code   RO         6206    i.pvTaskIncrementMutexHeldCount  tasks.o
    0x080092fc   0x080092fc   0x00000024   Code   RO         6954    i.pxPortInitialiseStack  port.o
    0x08009320   0x08009320   0x0000006c   Code   RO         7329    i.realloc           mc_w.l(mallocr.o)
    0x0800938c   0x0800938c   0x00000040   Code   RO          840    i.reboot            cmd.o
    0x080093cc   0x080093cc   0x0000006e   Code   RO         5297    i.remove_chain      ff.o
    0x0800943a   0x0800943a   0x00000002   PAD
    0x0800943c   0x0800943c   0x00000084   Code   RO         1109    i.save_data         sdtask.o
    0x080094c0   0x080094c0   0x0000019c   Code   RO          841    i.sdCMD             cmd.o
    0x0800965c   0x0800965c   0x00000010   Code   RO         5298    i.st_clust          ff.o
    0x0800966c   0x0800966c   0x0000001c   Code   RO         7029    i.strtod            m_ws.l(strtod.o)
    0x08009688   0x08009688   0x000000c8   Code   RO          842    i.sum               cmd.o
    0x08009750   0x08009750   0x000000b6   Code   RO         5299    i.sync_fs           ff.o
    0x08009806   0x08009806   0x00000060   Code   RO         5300    i.sync_window       ff.o
    0x08009866   0x08009866   0x00000002   PAD
    0x08009868   0x08009868   0x0000013c   Code   RO          843    i.timeRTC           cmd.o
    0x080099a4   0x080099a4   0x00000068   Code   RO          844    i.trans             cmd.o
    0x08009a0c   0x08009a0c   0x0000001e   Code   RO         5301    i.unlock_fs         ff.o
    0x08009a2a   0x08009a2a   0x0000001c   Code   RO          112    i.update_offset     cjson.o
    0x08009a46   0x08009a46   0x00000002   PAD
    0x08009a48   0x08009a48   0x000000d2   Code   RO          113    i.utf16_literal_to_utf8  cjson.o
    0x08009b1a   0x08009b1a   0x00000026   Code   RO         5847    i.uxListRemove      list.o
    0x08009b40   0x08009b40   0x00000014   Code   RO         1319    i.vApplicationGetIdleTaskMemory  freertos.o
    0x08009b54   0x08009b54   0x00000016   Code   RO         5848    i.vListInitialise   list.o
    0x08009b6a   0x08009b6a   0x00000006   Code   RO         5849    i.vListInitialiseItem  list.o
    0x08009b70   0x08009b70   0x00000030   Code   RO         5850    i.vListInsert       list.o
    0x08009ba0   0x08009ba0   0x00000018   Code   RO         5851    i.vListInsertEnd    list.o
    0x08009bb8   0x08009bb8   0x00000040   Code   RO         6956    i.vPortEnterCritical  port.o
    0x08009bf8   0x08009bf8   0x00000028   Code   RO         6957    i.vPortExitCritical  port.o
    0x08009c20   0x08009c20   0x00000064   Code   RO         6887    i.vPortFree         heap_4.o
    0x08009c84   0x08009c84   0x00000024   Code   RO         6958    i.vPortSetupTimerInterrupt  port.o
    0x08009ca8   0x08009ca8   0x00000054   Code   RO         6959    i.vPortValidateInterruptPriority  port.o
    0x08009cfc   0x08009cfc   0x0000002e   Code   RO         5894    i.vQueueDelete      queue.o
    0x08009d2a   0x08009d2a   0x00000002   PAD
    0x08009d2c   0x08009d2c   0x00000028   Code   RO         5895    i.vQueueUnregisterQueue  queue.o
    0x08009d54   0x08009d54   0x0000004c   Code   RO         6213    i.vTaskDelay        tasks.o
    0x08009da0   0x08009da0   0x00000010   Code   RO         6216    i.vTaskInternalSetTimeOutState  tasks.o
    0x08009db0   0x08009db0   0x0000000c   Code   RO         6217    i.vTaskMissedYield  tasks.o
    0x08009dbc   0x08009dbc   0x00000030   Code   RO         6219    i.vTaskPlaceOnEventList  tasks.o
    0x08009dec   0x08009dec   0x000000a0   Code   RO         6221    i.vTaskPriorityDisinheritAfterTimeout  tasks.o
    0x08009e8c   0x08009e8c   0x0000006c   Code   RO         6226    i.vTaskStartScheduler  tasks.o
    0x08009ef8   0x08009ef8   0x00000010   Code   RO         6228    i.vTaskSuspendAll   tasks.o
    0x08009f08   0x08009f08   0x0000005c   Code   RO         6229    i.vTaskSwitchContext  tasks.o
    0x08009f64   0x08009f64   0x00000040   Code   RO         5302    i.validate          ff.o
    0x08009fa4   0x08009fa4   0x000000a8   Code   RO         6960    i.xPortStartScheduler  port.o
    0x0800a04c   0x0800a04c   0x00000016   Code   RO         5896    i.xQueueCreateMutex  queue.o
    0x0800a062   0x0800a062   0x0000001a   Code   RO         5897    i.xQueueCreateMutexStatic  queue.o
    0x0800a07c   0x0800a07c   0x00000042   Code   RO         5898    i.xQueueGenericCreate  queue.o
    0x0800a0be   0x0800a0be   0x00000066   Code   RO         5899    i.xQueueGenericCreateStatic  queue.o
    0x0800a124   0x0800a124   0x00000088   Code   RO         5900    i.xQueueGenericReset  queue.o
    0x0800a1ac   0x0800a1ac   0x00000160   Code   RO         5901    i.xQueueGenericSend  queue.o
    0x0800a30c   0x0800a30c   0x000000be   Code   RO         5902    i.xQueueGenericSendFromISR  queue.o
    0x0800a3ca   0x0800a3ca   0x0000009c   Code   RO         5903    i.xQueueGiveFromISR  queue.o
    0x0800a466   0x0800a466   0x00000002   PAD
    0x0800a468   0x0800a468   0x00000138   Code   RO         5908    i.xQueueReceive     queue.o
    0x0800a5a0   0x0800a5a0   0x0000009a   Code   RO         5909    i.xQueueReceiveFromISR  queue.o
    0x0800a63a   0x0800a63a   0x00000002   PAD
    0x0800a63c   0x0800a63c   0x00000178   Code   RO         5910    i.xQueueSemaphoreTake  queue.o
    0x0800a7b4   0x0800a7b4   0x00000074   Code   RO         6231    i.xTaskCheckForTimeOut  tasks.o
    0x0800a828   0x0800a828   0x0000005a   Code   RO         6232    i.xTaskCreate       tasks.o
    0x0800a882   0x0800a882   0x00000056   Code   RO         6233    i.xTaskCreateStatic  tasks.o
    0x0800a8d8   0x0800a8d8   0x0000001c   Code   RO         6237    i.xTaskGetSchedulerState  tasks.o
    0x0800a8f4   0x0800a8f4   0x000000cc   Code   RO         6240    i.xTaskIncrementTick  tasks.o
    0x0800a9c0   0x0800a9c0   0x00000098   Code   RO         6243    i.xTaskPriorityDisinherit  tasks.o
    0x0800aa58   0x0800aa58   0x0000008c   Code   RO         6244    i.xTaskPriorityInherit  tasks.o
    0x0800aae4   0x0800aae4   0x00000074   Code   RO         6245    i.xTaskRemoveFromEventList  tasks.o
    0x0800ab58   0x0800ab58   0x000000c4   Code   RO         6246    i.xTaskResumeAll    tasks.o
    0x0800ac1c   0x0800ac1c   0x00000028   Data   RO          846    .constdata          cmd.o
    0x0800ac44   0x0800ac44   0x0000008c   Data   RO         1321    .constdata          freertos.o
    0x0800acd0   0x0800acd0   0x00000012   Data   RO         3135    .constdata          stm32f1xx_hal_rcc.o
    0x0800ace2   0x0800ace2   0x00000012   Data   RO         3227    .constdata          stm32f1xx_hal_rcc_ex.o
    0x0800acf4   0x0800acf4   0x00000010   Data   RO         5157    .constdata          system_stm32f1xx.o
    0x0800ad04   0x0800ad04   0x00000008   Data   RO         5158    .constdata          system_stm32f1xx.o
    0x0800ad0c   0x0800ad0c   0x00000014   Data   RO         5693    .constdata          sd_diskio.o
    0x0800ad20   0x0800ad20   0x00000040   Data   RO         7425    .constdata          mc_w.l(ctype_c.o)
    0x0800ad60   0x0800ad60   0x0000001f   Data   RO          847    .conststring        cmd.o
    0x0800ad7f   0x0800ad7f   0x00000001   PAD
    0x0800ad80   0x0800ad80   0x00000287   Data   RO         1187    .conststring        testtask.o
    0x0800b007   0x0800b007   0x00000001   PAD
    0x0800b008   0x0800b008   0x00000025   Data   RO         1322    .conststring        freertos.o
    0x0800b02d   0x0800b02d   0x00000003   PAD
    0x0800b030   0x0800b030   0x00000020   Data   RO         7427    Region$$Table       anon$$obj.o


    Execution Region RW_IRAM1 (Exec base: 0x20000000, Load base: 0x0800b050, Size: 0x0000c908, Max: 0x00018000, ABSOLUTE)

    Exec Addr    Load Addr    Size         Type   Attr      Idx    E Section Name        Object

    0x20000000   0x0800b050   0x00000014   Data   RW          115    .data               cjson.o
    0x20000014   0x0800b064   0x00000004   Data   RW          848    .data               cmd.o
    0x20000018   0x0800b068   0x00000008   Data   RW         1188    .data               testtask.o
    0x20000020   0x0800b070   0x00000001   Data   RW         1236    .data               main.o
    0x20000021   0x0800b071   0x00000001   Data   RW         1237    .data               main.o
    0x20000022   0x0800b072   0x00000001   Data   RW         1238    .data               main.o
    0x20000023   0x0800b073   0x00000001   PAD
    0x20000024   0x0800b074   0x00000020   Data   RW         1323    .data               freertos.o
    0x20000044   0x0800b094   0x00000007   Data   RW         1430    .data               rtc.o
    0x2000004b   0x0800b09b   0x00000002   Data   RW         1543    .data               usart.o
    0x2000004d   0x0800b09d   0x00000005   Data   RW         1904    .data               fatfs.o
    0x20000052   0x0800b0a2   0x00000002   PAD
    0x20000054   0x0800b0a4   0x0000000c   Data   RW         2972    .data               stm32f1xx_hal.o
    0x20000060   0x0800b0b0   0x00000004   Data   RW         5159    .data               system_stm32f1xx.o
    0x20000064   0x0800b0b4   0x00000008   Data   RW         5305    .data               ff.o
    0x2000006c   0x0800b0bc   0x00000001   Data   RW         5694    .data               sd_diskio.o
    0x2000006d   0x0800b0bd   0x00000003   PAD
    0x20000070   0x0800b0c0   0x0000003c   Data   RW         6249    .data               tasks.o
    0x200000ac   0x0800b0fc   0x00000020   Data   RW         6893    .data               heap_4.o
    0x200000cc   0x0800b11c   0x0000000c   Data   RW         6961    .data               port.o
    0x200000d8   0x0800b128   0x00000004   Data   RW         7386    .data               mc_w.l(stdout.o)
    0x200000dc   0x0800b12c   0x00000004   Data   RW         7395    .data               mc_w.l(mvars.o)
    0x200000e0   0x0800b130   0x00000004   Data   RW         7396    .data               mc_w.l(mvars.o)
    0x200000e4        -       0x00000282   Zero   RW          845    .bss                cmd.o
    0x20000366   0x0800b134   0x00000002   PAD
    0x20000368        -       0x00000234   Zero   RW         1110    .bss                sdtask.o
    0x2000059c        -       0x00000254   Zero   RW         1320    .bss                freertos.o
    0x200007f0        -       0x0000000c   Zero   RW         1392    .bss                iwdg.o
    0x200007fc        -       0x00000014   Zero   RW         1429    .bss                rtc.o
    0x20000810        -       0x000000c8   Zero   RW         1497    .bss                sdio.o
    0x200008d8        -       0x00000294   Zero   RW         1542    .bss                usart.o
    0x20000b6c        -       0x00000048   Zero   RW         1719    .bss                stm32f1xx_hal_timebase_tim.o
    0x20000bb4        -       0x00000018   Zero   RW         5303    .bss                ff.o
    0x20000bcc        -       0x0000000c   Zero   RW         5579    .bss                ff_gen_drv.o
    0x20000bd8        -       0x00000040   Zero   RW         5911    .bss                queue.o
    0x20000c18        -       0x000000f0   Zero   RW         6248    .bss                tasks.o
    0x20000d08        -       0x00003c00   Zero   RW         6892    .bss                heap_4.o
    0x20004908        -       0x00004000   Zero   RW            2    HEAP                startup_stm32f103xg.o
    0x20008908        -       0x00004000   Zero   RW            1    STACK               startup_stm32f103xg.o


==============================================================================

Image component sizes


      Code (inc. data)   RO Data    RW Data    ZI Data      Debug   Object Name

       204         26          0          0          0       6475   bsp_driver_sd.o
      4166        188          0         20          0      38663   cjson.o
      1404        300         71          4        642     576380   cmd.o
      1120         30          0          0          0      37381   cmsis_os.o
       148         22          0          0          0       3465   diskio.o
        44          4          0          0          0        718   dma.o
         0          0          0          0          0      17604   event_groups.o
        32         10          0          5          0       1408   fatfs.o
        24          4          0          0          0        513   fatfs_platform.o
      6964         70          0          8         24      38353   ff.o
        70          4          0          0         12       1523   ff_gen_drv.o
       232         20        177         32        596       2982   freertos.o
       148         14          0          0          0        919   gpio.o
       472         24          0         32      15360       7195   heap_4.o
        44          8          0          0         12        667   iwdg.o
       138          0          0          0          0       3282   list.o
       200          6          0          3          0       2762   main.o
       662         70          0         12          0      10841   port.o
      2302         22          0          0         64      23729   queue.o
       554         50          0          7         20       4564   rtc.o
       264         34         20          1          0       4232   sd_diskio.o
       272         36          0          0        200       1711   sdio.o
       872        248          0          0        564      22876   sdtask.o
        36          8        304          0      32768        784   startup_stm32f103xg.o
       100         18          0         12          0       6662   stm32f1xx_hal.o
       194         24          0          0          0      30349   stm32f1xx_hal_cortex.o
      1082         52          0          0          0       3423   stm32f1xx_hal_dma.o
       540         42          0          0          0       4048   stm32f1xx_hal_gpio.o
       106          0          0          0          0       1799   stm32f1xx_hal_iwdg.o
        72         10          0          0          0        834   stm32f1xx_hal_msp.o
        12          4          0          0          0        495   stm32f1xx_hal_pwr.o
      1304         94         18          0          0       5601   stm32f1xx_hal_rcc.o
       420         30         18          0          0       2461   stm32f1xx_hal_rcc_ex.o
      1400         12          0          0          0      12392   stm32f1xx_hal_rtc.o
        98         10          0          0          0       3228   stm32f1xx_hal_rtc_ex.o
      3138         40          0          0          0      15003   stm32f1xx_hal_sd.o
       748         74          0          0          0       7032   stm32f1xx_hal_tim.o
         4          0          0          0          0       1521   stm32f1xx_hal_tim_ex.o
       152         20          0          0         72       1419   stm32f1xx_hal_timebase_tim.o
      1554         10          0          0          0      10696   stm32f1xx_hal_uart.o
        84         36          0          0          0       4971   stm32f1xx_it.o
      1668         48          0          0          0      22035   stm32f1xx_ll_sdmmc.o
        62          0          0          0          0      19420   syscall.o
         2          0         24          4          0       1059   system_stm32f1xx.o
      2332        174          0         60        240      26459   tasks.o
       828         80        647          8          0       6465   testtask.o
       644         94          0          2        660       4167   usart.o

    ----------------------------------------------------------------------
     36982       2070       1316        216      51236    1000566   Object Totals
         0          0         32          0          0          0   (incl. Generated)
        66          0          5          6          2          0   (incl. Padding)

    ----------------------------------------------------------------------

      Code (inc. data)   RO Data    RW Data    ZI Data      Debug   Library Member Name

        28          0          0          0          0         80   strtod.o
        56          8          0          0          0         84   __0sscanf.o
       816          6          0          0          0        112   _scanf.o
        64          0          0          0          0         84   _sgetc.o
        40          6         64          0          0         68   ctype_c.o
         0          0          0          0          0          0   entry.o
         0          0          0          0          0          0   entry10a.o
         0          0          0          0          0          0   entry11a.o
         4          0          0          0          0          0   entry12b.o
         8          4          0          0          0          0   entry2.o
         4          0          0          0          0          0   entry5.o
         0          0          0          0          0          0   entry7b.o
         0          0          0          0          0          0   entry8b.o
         8          4          0          0          0          0   entry9a.o
        30          0          0          0          0          0   handlers.o
        36          8          0          0          0         68   init.o
        10          0          0          0          0         68   isspace_c.o
         0          0          0          0          0          0   iusefp.o
        30          0          0          0          0         68   llshl.o
        36          0          0          0          0         68   llsshr.o
        32          0          0          0          0         68   llushr.o
       360         30          0          0          0        356   mallocr.o
        26          0          0          0          0         80   memcmp.o
        36          0          0          0          0         68   memcpya.o
        36          0          0          0          0        108   memseta.o
         0          0          0          8          0          0   mvars.o
      2342        100          0          0          0        772   printfa.o
        40          8          0          0          0         84   scanf_char.o
       878         12          0          0          0        216   scanf_fp.o
         0          0          0          4          0          0   stdout.o
        28          0          0          0          0         76   strcmp.o
        18          0          0          0          0         68   strcpy.o
        14          0          0          0          0         68   strlen.o
        30          0          0          0          0         80   strncmp.o
       156         12          0          0          0        120   strtod.o
        12          0          0          0          0         68   tolower.o
        44          0          0          0          0         80   uidiv.o
        98          0          0          0          0         92   uldiv.o
        48          0          0          0          0         68   cdcmple.o
        48          0          0          0          0         68   cdrcmple.o
        56          0          0          0          0         88   d2f.o
       334          0          0          0          0        148   dadd.o
       222          0          0          0          0        100   ddiv.o
       186          0          0          0          0        176   depilogue.o
        62          0          0          0          0         80   dfixi.o
        48          0          0          0          0         68   dfixul.o
        34          0          0          0          0         76   dflti.o
        24          0          0          0          0         76   dfltul.o
       228          0          0          0          0         96   dmul.o
        46          0          0          0          0         80   dscalb.o
       110          0          0          0          0        168   fepilogue.o

    ----------------------------------------------------------------------
      6774        198         64         12          0       4396   Library Totals
         8          0          0          0          0          0   (incl. Padding)

    ----------------------------------------------------------------------

      Code (inc. data)   RO Data    RW Data    ZI Data      Debug   Library Name

        28          0          0          0          0         80   m_ws.l
      5292        198         64         12          0       3024   mc_w.l
      1446          0          0          0          0       1292   mf_w.l

    ----------------------------------------------------------------------
      6774        198         64         12          0       4396   Library Totals

    ----------------------------------------------------------------------

==============================================================================


      Code (inc. data)   RO Data    RW Data    ZI Data      Debug   

     43756       2268       1380        228      51236     984210   Grand Totals
     43756       2268       1380        228      51236     984210   ELF Image Totals
     43756       2268       1380        228          0          0   ROM Totals

==============================================================================

    Total RO  Size (Code + RO Data)                45136 (  44.08kB)
    Total RW  Size (RW Data + ZI Data)             51464 (  50.26kB)
    Total ROM Size (Code + RO Data + RW Data)      45364 (  44.30kB)

==============================================================================

